Archive member included to satisfy reference by file (symbol)

/opt/st/stm32cubeide_1.6.0/plugins/com.st.stm32cube.ide.mcu.externaltools.gnu-tools-for-stm32.9-2020-q2-update.linux64_1.5.0.202011040924/tools/bin/../lib/gcc/arm-none-eabi/9.3.1/../../../../arm-none-eabi/lib/thumb/v7e-m+fp/hard/libstdc++_nano.a(new_op.o)
                              User/Src/fb_control_motor.o (operator new(unsigned int))
/opt/st/stm32cubeide_1.6.0/plugins/com.st.stm32cube.ide.mcu.externaltools.gnu-tools-for-stm32.9-2020-q2-update.linux64_1.5.0.202011040924/tools/bin/../lib/gcc/arm-none-eabi/9.3.1/../../../../arm-none-eabi/lib/thumb/v7e-m+fp/hard/libstdc++_nano.a(pure.o)
                              User/Src/rosserial.o (__cxa_pure_virtual)
/opt/st/stm32cubeide_1.6.0/plugins/com.st.stm32cube.ide.mcu.externaltools.gnu-tools-for-stm32.9-2020-q2-update.linux64_1.5.0.202011040924/tools/bin/../lib/gcc/arm-none-eabi/9.3.1/../../../../arm-none-eabi/lib/thumb/v7e-m+fp/hard/libstdc++_nano.a(eh_terminate.o)
                              /opt/st/stm32cubeide_1.6.0/plugins/com.st.stm32cube.ide.mcu.externaltools.gnu-tools-for-stm32.9-2020-q2-update.linux64_1.5.0.202011040924/tools/bin/../lib/gcc/arm-none-eabi/9.3.1/../../../../arm-none-eabi/lib/thumb/v7e-m+fp/hard/libstdc++_nano.a(pure.o) (std::terminate())
/opt/st/stm32cubeide_1.6.0/plugins/com.st.stm32cube.ide.mcu.externaltools.gnu-tools-for-stm32.9-2020-q2-update.linux64_1.5.0.202011040924/tools/bin/../lib/gcc/arm-none-eabi/9.3.1/../../../../arm-none-eabi/lib/thumb/v7e-m+fp/hard/libstdc++_nano.a(eh_unex_handler.o)
                              /opt/st/stm32cubeide_1.6.0/plugins/com.st.stm32cube.ide.mcu.externaltools.gnu-tools-for-stm32.9-2020-q2-update.linux64_1.5.0.202011040924/tools/bin/../lib/gcc/arm-none-eabi/9.3.1/../../../../arm-none-eabi/lib/thumb/v7e-m+fp/hard/libstdc++_nano.a(eh_terminate.o) (__cxxabiv1::__unexpected_handler)
/opt/st/stm32cubeide_1.6.0/plugins/com.st.stm32cube.ide.mcu.externaltools.gnu-tools-for-stm32.9-2020-q2-update.linux64_1.5.0.202011040924/tools/bin/../lib/gcc/arm-none-eabi/9.3.1/../../../../arm-none-eabi/lib/thumb/v7e-m+fp/hard/libstdc++_nano.a(new_handler.o)
                              /opt/st/stm32cubeide_1.6.0/plugins/com.st.stm32cube.ide.mcu.externaltools.gnu-tools-for-stm32.9-2020-q2-update.linux64_1.5.0.202011040924/tools/bin/../lib/gcc/arm-none-eabi/9.3.1/../../../../arm-none-eabi/lib/thumb/v7e-m+fp/hard/libstdc++_nano.a(new_op.o) (std::get_new_handler())
/opt/st/stm32cubeide_1.6.0/plugins/com.st.stm32cube.ide.mcu.externaltools.gnu-tools-for-stm32.9-2020-q2-update.linux64_1.5.0.202011040924/tools/bin/../lib/gcc/arm-none-eabi/9.3.1/../../../../arm-none-eabi/lib/thumb/v7e-m+fp/hard/libstdc++_nano.a(eh_term_handler.o)
                              /opt/st/stm32cubeide_1.6.0/plugins/com.st.stm32cube.ide.mcu.externaltools.gnu-tools-for-stm32.9-2020-q2-update.linux64_1.5.0.202011040924/tools/bin/../lib/gcc/arm-none-eabi/9.3.1/../../../../arm-none-eabi/lib/thumb/v7e-m+fp/hard/libstdc++_nano.a(eh_terminate.o) (__cxxabiv1::__terminate_handler)
/opt/st/stm32cubeide_1.6.0/plugins/com.st.stm32cube.ide.mcu.externaltools.gnu-tools-for-stm32.9-2020-q2-update.linux64_1.5.0.202011040924/tools/bin/../lib/gcc/arm-none-eabi/9.3.1/../../../../arm-none-eabi/lib/thumb/v7e-m+fp/hard/libc_nano.a(lib_a-abort.o)
                              /opt/st/stm32cubeide_1.6.0/plugins/com.st.stm32cube.ide.mcu.externaltools.gnu-tools-for-stm32.9-2020-q2-update.linux64_1.5.0.202011040924/tools/bin/../lib/gcc/arm-none-eabi/9.3.1/../../../../arm-none-eabi/lib/thumb/v7e-m+fp/hard/libstdc++_nano.a(new_op.o) (abort)
/opt/st/stm32cubeide_1.6.0/plugins/com.st.stm32cube.ide.mcu.externaltools.gnu-tools-for-stm32.9-2020-q2-update.linux64_1.5.0.202011040924/tools/bin/../lib/gcc/arm-none-eabi/9.3.1/../../../../arm-none-eabi/lib/thumb/v7e-m+fp/hard/libc_nano.a(lib_a-errno.o)
                              Core/Src/syscalls.o (__errno)
/opt/st/stm32cubeide_1.6.0/plugins/com.st.stm32cube.ide.mcu.externaltools.gnu-tools-for-stm32.9-2020-q2-update.linux64_1.5.0.202011040924/tools/bin/../lib/gcc/arm-none-eabi/9.3.1/../../../../arm-none-eabi/lib/thumb/v7e-m+fp/hard/libc_nano.a(lib_a-exit.o)
                              /opt/st/stm32cubeide_1.6.0/plugins/com.st.stm32cube.ide.mcu.externaltools.gnu-tools-for-stm32.9-2020-q2-update.linux64_1.5.0.202011040924/tools/bin/../lib/gcc/arm-none-eabi/9.3.1/../../../../arm-none-eabi/lib/thumb/v7e-m+fp/hard/crt0.o (exit)
/opt/st/stm32cubeide_1.6.0/plugins/com.st.stm32cube.ide.mcu.externaltools.gnu-tools-for-stm32.9-2020-q2-update.linux64_1.5.0.202011040924/tools/bin/../lib/gcc/arm-none-eabi/9.3.1/../../../../arm-none-eabi/lib/thumb/v7e-m+fp/hard/libc_nano.a(lib_a-impure.o)
[...]
Memory Configuration

Name             Origin             Length             Attributes
CCMRAM           0x0000000010000000 0x0000000000001000 xrw
RAM              0x0000000020000000 0x0000000000003000 xrw
FLASH            0x0000000008000000 0x0000000000010000 xr
*default*        0x0000000000000000 0xffffffffffffffff

Linker script and memory map

LOAD /opt/st/stm32cubeide_1.6.0/plugins/com.st.stm32cube.ide.mcu.externaltools.gnu-tools-for-stm32.9-2020-q2-update.linux64_1.5.0.202011040924/tools/bin/../lib/gcc/arm-none-eabi/9.3.1/thumb/v7e-m+fp/hard/crti.o
LOAD /opt/st/stm32cubeide_1.6.0/plugins/com.st.stm32cube.ide.mcu.externaltools.gnu-tools-for-stm32.9-2020-q2-update.linux64_1.5.0.202011040924/tools/bin/../lib/gcc/arm-none-eabi/9.3.1/thumb/v7e-m+fp/hard/crtbegin.o
LOAD /opt/st/stm32cubeide_1.6.0/plugins/com.st.stm32cube.ide.mcu.externaltools.gnu-tools-for-stm32.9-2020-q2-update.linux64_1.5.0.202011040924/tools/bin/../lib/gcc/arm-none-eabi/9.3.1/../../../../arm-none-eabi/lib/thumb/v7e-m+fp/hard/crt0.o
LOAD Core/Src/adc.o
LOAD Core/Src/dma.o
LOAD Core/Src/gpio.o
LOAD Core/Src/spi.o
LOAD Core/Src/stm32f3xx_hal_msp.o
LOAD Core/Src/stm32f3xx_hal_timebase_tim.o
LOAD Core/Src/stm32f3xx_it.o
LOAD Core/Src/syscalls.o
LOAD Core/Src/sysmem.o
LOAD Core/Src/system_stm32f3xx.o
LOAD Core/Src/tim.o
LOAD Core/Src/usart.o
LOAD Core/Startup/startup_stm32f303k8tx.o
LOAD Drivers/STM32F3xx_HAL_Driver/Src/stm32f3xx_hal.o
LOAD Drivers/STM32F3xx_HAL_Driver/Src/stm32f3xx_hal_adc.o
LOAD Drivers/STM32F3xx_HAL_Driver/Src/stm32f3xx_hal_adc_ex.o
LOAD Drivers/STM32F3xx_HAL_Driver/Src/stm32f3xx_hal_cortex.o
LOAD Drivers/STM32F3xx_HAL_Driver/Src/stm32f3xx_hal_dma.o
LOAD Drivers/STM32F3xx_HAL_Driver/Src/stm32f3xx_hal_exti.o
LOAD Drivers/STM32F3xx_HAL_Driver/Src/stm32f3xx_hal_flash.o
LOAD Drivers/STM32F3xx_HAL_Driver/Src/stm32f3xx_hal_flash_ex.o
LOAD Drivers/STM32F3xx_HAL_Driver/Src/stm32f3xx_hal_gpio.o
LOAD Drivers/STM32F3xx_HAL_Driver/Src/stm32f3xx_hal_i2c.o
LOAD Drivers/STM32F3xx_HAL_Driver/Src/stm32f3xx_hal_i2c_ex.o
LOAD Drivers/STM32F3xx_HAL_Driver/Src/stm32f3xx_hal_pwr.o
LOAD Drivers/STM32F3xx_HAL_Driver/Src/stm32f3xx_hal_pwr_ex.o
LOAD Drivers/STM32F3xx_HAL_Driver/Src/stm32f3xx_hal_rcc.o
LOAD Drivers/STM32F3xx_HAL_Driver/Src/stm32f3xx_hal_rcc_ex.o
LOAD Drivers/STM32F3xx_HAL_Driver/Src/stm32f3xx_hal_spi.o
LOAD Drivers/STM32F3xx_HAL_Driver/Src/stm32f3xx_hal_spi_ex.o
LOAD Drivers/STM32F3xx_HAL_Driver/Src/stm32f3xx_hal_tim.o
LOAD Drivers/STM32F3xx_HAL_Driver/Src/stm32f3xx_hal_tim_ex.o
LOAD Drivers/STM32F3xx_HAL_Driver/Src/stm32f3xx_hal_uart.o
LOAD Drivers/STM32F3xx_HAL_Driver/Src/stm32f3xx_hal_uart_ex.o
LOAD Middlewares/Third_Party/FreeRTOS/Source/CMSIS_RTOS/cmsis_os.o
LOAD Middlewares/Third_Party/FreeRTOS/Source/croutine.o
LOAD Middlewares/Third_Party/FreeRTOS/Source/event_groups.o
LOAD Middlewares/Third_Party/FreeRTOS/Source/list.o
LOAD Middlewares/Third_Party/FreeRTOS/Source/queue.o
LOAD Middlewares/Third_Party/FreeRTOS/Source/stream_buffer.o
LOAD Middlewares/Third_Party/FreeRTOS/Source/tasks.o
LOAD Middlewares/Third_Party/FreeRTOS/Source/timers.o
LOAD Middlewares/Third_Party/FreeRTOS/Source/portable/GCC/ARM_CM4F/port.o
LOAD Middlewares/Third_Party/FreeRTOS/Source/portable/MemMang/heap_1.o
LOAD User/Inc/rosserial_lib/duration.o
LOAD User/Inc/rosserial_lib/time.o
LOAD User/Src/battery_monitor.o
LOAD User/Src/control_dif_drive.o
LOAD User/Src/drive_motor.o
LOAD User/Src/encoder.o
LOAD User/Src/fb_control_motor.o
LOAD User/Src/freertos.o
LOAD User/Src/main.o
LOAD User/Src/rosserial.o
LOAD User/Src/simple_math.o
LOAD User/Src/spi_imu.o
START GROUP
LOAD /opt/st/stm32cubeide_1.6.0/plugins/com.st.stm32cube.ide.mcu.externaltools.gnu-tools-for-stm32.9-2020-q2-update.linux64_1.5.0.202011040924/tools/bin/../lib/gcc/arm-none-eabi/9.3.1/../../../../arm-none-eabi/lib/thumb/v7e-m+fp/hard/libstdc++_nano.a
LOAD /opt/st/stm32cubeide_1.6.0/plugins/com.st.stm32cube.ide.mcu.externaltools.gnu-tools-for-stm32.9-2020-q2-update.linux64_1.5.0.202011040924/tools/bin/../lib/gcc/arm-none-eabi/9.3.1/../../../../arm-none-eabi/lib/thumb/v7e-m+fp/hard/libsupc++_nano.a
END GROUP
LOAD /opt/st/stm32cubeide_1.6.0/plugins/com.st.stm32cube.ide.mcu.externaltools.gnu-tools-for-stm32.9-2020-q2-update.linux64_1.5.0.202011040924/tools/bin/../lib/gcc/arm-none-eabi/9.3.1/../../../../arm-none-eabi/lib/thumb/v7e-m+fp/hard/libstdc++_nano.a
LOAD /opt/st/stm32cubeide_1.6.0/plugins/com.st.stm32cube.ide.mcu.externaltools.gnu-tools-for-stm32.9-2020-q2-update.linux64_1.5.0.202011040924/tools/bin/../lib/gcc/arm-none-eabi/9.3.1/../../../../arm-none-eabi/lib/thumb/v7e-m+fp/hard/libm.a
LOAD /opt/st/stm32cubeide_1.6.0/plugins/com.st.stm32cube.ide.mcu.externaltools.gnu-tools-for-stm32.9-2020-q2-update.linux64_1.5.0.202011040924/tools/bin/../lib/gcc/arm-none-eabi/9.3.1/../../../../arm-none-eabi/lib/thumb/v7e-m+fp/hard/libc_nano.a
START GROUP
LOAD /opt/st/stm32cubeide_1.6.0/plugins/com.st.stm32cube.ide.mcu.externaltools.gnu-tools-for-stm32.9-2020-q2-update.linux64_1.5.0.202011040924/tools/bin/../lib/gcc/arm-none-eabi/9.3.1/thumb/v7e-m+fp/hard/libgcc.a
LOAD /opt/st/stm32cubeide_1.6.0/plugins/com.st.stm32cube.ide.mcu.externaltools.gnu-tools-for-stm32.9-2020-q2-update.linux64_1.5.0.202011040924/tools/bin/../lib/gcc/arm-none-eabi/9.3.1/../../../../arm-none-eabi/lib/thumb/v7e-m+fp/hard/libc_nano.a
END GROUP
START GROUP
LOAD /opt/st/stm32cubeide_1.6.0/plugins/com.st.stm32cube.ide.mcu.externaltools.gnu-tools-for-stm32.9-2020-q2-update.linux64_1.5.0.202011040924/tools/bin/../lib/gcc/arm-none-eabi/9.3.1/thumb/v7e-m+fp/hard/libgcc.a
LOAD /opt/st/stm32cubeide_1.6.0/plugins/com.st.stm32cube.ide.mcu.externaltools.gnu-tools-for-stm32.9-2020-q2-update.linux64_1.5.0.202011040924/tools/bin/../lib/gcc/arm-none-eabi/9.3.1/../../../../arm-none-eabi/lib/thumb/v7e-m+fp/hard/libc_nano.a
LOAD /opt/st/stm32cubeide_1.6.0/plugins/com.st.stm32cube.ide.mcu.externaltools.gnu-tools-for-stm32.9-2020-q2-update.linux64_1.5.0.202011040924/tools/bin/../lib/gcc/arm-none-eabi/9.3.1/../../../../arm-none-eabi/lib/thumb/v7e-m+fp/hard/libnosys.a
END GROUP
START GROUP
LOAD /opt/st/stm32cubeide_1.6.0/plugins/com.st.stm32cube.ide.mcu.externaltools.gnu-tools-for-stm32.9-2020-q2-update.linux64_1.5.0.202011040924/tools/bin/../lib/gcc/arm-none-eabi/9.3.1/thumb/v7e-m+fp/hard/libgcc.a
LOAD /opt/st/stm32cubeide_1.6.0/plugins/com.st.stm32cube.ide.mcu.externaltools.gnu-tools-for-stm32.9-2020-q2-update.linux64_1.5.0.202011040924/tools/bin/../lib/gcc/arm-none-eabi/9.3.1/../../../../arm-none-eabi/lib/thumb/v7e-m+fp/hard/libc_nano.a
LOAD /opt/st/stm32cubeide_1.6.0/plugins/com.st.stm32cube.ide.mcu.externaltools.gnu-tools-for-stm32.9-2020-q2-update.linux64_1.5.0.202011040924/tools/bin/../lib/gcc/arm-none-eabi/9.3.1/../../../../arm-none-eabi/lib/thumb/v7e-m+fp/hard/libnosys.a
END GROUP
LOAD /opt/st/stm32cubeide_1.6.0/plugins/com.st.stm32cube.ide.mcu.externaltools.gnu-tools-for-stm32.9-2020-q2-update.linux64_1.5.0.202011040924/tools/bin/../lib/gcc/arm-none-eabi/9.3.1/thumb/v7e-m+fp/hard/crtend.o
LOAD /opt/st/stm32cubeide_1.6.0/plugins/com.st.stm32cube.ide.mcu.externaltools.gnu-tools-for-stm32.9-2020-q2-update.linux64_1.5.0.202011040924/tools/bin/../lib/gcc/arm-none-eabi/9.3.1/thumb/v7e-m+fp/hard/crtn.o
                0x0000000020003000                _estack = (ORIGIN (RAM) + LENGTH (RAM))
                0x0000000000000200                _Min_Heap_Size = 0x200
                0x0000000000000400                _Min_Stack_Size = 0x400

.isr_vector     0x0000000008000000      0x188
                0x0000000008000000                . = ALIGN (0x4)
 *(.isr_vector)
 .isr_vector    0x0000000008000000      0x188 Core/Startup/startup_stm32f303k8tx.o
                0x0000000008000000                g_pfnVectors
                0x0000000008000188                . = ALIGN (0x4)

.text           0x0000000008000190     0xf0a8
                0x0000000008000190                . = ALIGN (0x4)
 *(.text)
 .text          0x0000000008000190       0x40 /opt/st/stm32cubeide_1.6.0/plugins/com.st.stm32cube.ide.mcu.externaltools.gnu-tools-for-stm32.9-2020-q2-update.linux64_1.5.0.202011040924/tools/bin/../lib/gcc/arm-none-eabi/9.3.1/thumb/v7e-m+fp/hard/crtbegin.o
 .text          0x00000000080001d0       0x10 /opt/st/stm32cubeide_1.6.0/plugins/com.st.stm32cube.ide.mcu.externaltools.gnu-tools-for-stm32.9-2020-q2-update.linux64_1.5.0.202011040924/tools/bin/../lib/gcc/arm-none-eabi/9.3.1/../../../../arm-none-eabi/lib/thumb/v7e-m+fp/hard/libc_nano.a(lib_a-strlen.o)
                0x00000000080001d0                strlen
 .text          0x00000000080001e0      0x378 /opt/st/stm32cubeide_1.6.0/plugins/com.st.stm32cube.ide.mcu.externaltools.gnu-tools-for-stm32.9-2020-q2-update.linux64_1.5.0.202011040924/tools/bin/../lib/gcc/arm-none-eabi/9.3.1/thumb/v7e-m+fp/hard/libgcc.a(_arm_addsubdf3.o)
                0x00000000080001e0                __aeabi_drsub
                0x00000000080001e8                __aeabi_dsub
                0x00000000080001e8                __subdf3
                0x00000000080001ec                __adddf3
                0x00000000080001ec                __aeabi_dadd
                0x0000000008000464                __aeabi_ui2d
                0x0000000008000464                __floatunsidf
                0x0000000008000484                __floatsidf
                0x0000000008000484                __aeabi_i2d
                0x00000000080004a8                __extendsfdf2
                0x00000000080004a8                __aeabi_f2d
                0x00000000080004ec                __aeabi_ul2d
                0x00000000080004ec                __floatundidf
                0x00000000080004fc                __floatdidf
                0x00000000080004fc                __aeabi_l2d
 .text          0x0000000008000558       0xa0 /opt/st/stm32cubeide_1.6.0/plugins/com.st.stm32cube.ide.mcu.externaltools.gnu-tools-for-stm32.9-2020-q2-update.linux64_1.5.0.202011040924/tools/bin/../lib/gcc/arm-none-eabi/9.3.1/thumb/v7e-m+fp/hard/libgcc.a(_arm_truncdfsf2.o)
                0x0000000008000558                __aeabi_d2f
                0x0000000008000558                __truncdfsf2
 *(.text*)
 .text.MX_ADC1_Init
                0x00000000080005f8       0xe0 Core/Src/adc.o
                0x00000000080005f8                MX_ADC1_Init
 .text.HAL_ADC_MspInit
                0x00000000080006d8       0x78 Core/Src/adc.o
                0x00000000080006d8                HAL_ADC_MspInit
 .text.MX_DMA_Init
                0x0000000008000750       0x4c Core/Src/dma.o
                0x0000000008000750                MX_DMA_Init
 .text.MX_GPIO_Init
                0x000000000800079c      0x104 Core/Src/gpio.o
                0x000000000800079c                MX_GPIO_Init
 .text.MX_SPI1_Init
                0x00000000080008a0       0x7c Core/Src/spi.o
                0x00000000080008a0                MX_SPI1_Init
 .text.HAL_SPI_MspInit
                0x000000000800091c       0xd0 Core/Src/spi.o
                0x000000000800091c                HAL_SPI_MspInit
 .text.HAL_MspInit
                0x00000000080009ec       0x50 Core/Src/stm32f3xx_hal_msp.o
                0x00000000080009ec                HAL_MspInit
 .text.HAL_InitTick
                0x0000000008000a3c       0x9c Core/Src/stm32f3xx_hal_timebase_tim.o
                0x0000000008000a3c                HAL_InitTick
 .text.NMI_Handler
                0x0000000008000ad8        0x6 Core/Src/stm32f3xx_it.o
                0x0000000008000ad8                NMI_Handler
 .text.HardFault_Handler
                0x0000000008000ade        0x6 Core/Src/stm32f3xx_it.o
                0x0000000008000ade                HardFault_Handler
 .text.MemManage_Handler
                0x0000000008000ae4        0x6 Core/Src/stm32f3xx_it.o
                0x0000000008000ae4                MemManage_Handler
 .text.BusFault_Handler
                0x0000000008000aea        0x6 Core/Src/stm32f3xx_it.o
                0x0000000008000aea                BusFault_Handler
 .text.UsageFault_Handler
                0x0000000008000af0        0x6 Core/Src/stm32f3xx_it.o
                0x0000000008000af0                UsageFault_Handler
 .text.DebugMon_Handler
                0x0000000008000af6        0xe Core/Src/stm32f3xx_it.o
                0x0000000008000af6                DebugMon_Handler
 .text.DMA1_Channel4_IRQHandler
                0x0000000008000b04       0x14 Core/Src/stm32f3xx_it.o
                0x0000000008000b04                DMA1_Channel4_IRQHandler
 .text.DMA1_Channel5_IRQHandler
                0x0000000008000b18       0x14 Core/Src/stm32f3xx_it.o
                0x0000000008000b18                DMA1_Channel5_IRQHandler
 .text.TIM1_BRK_TIM15_IRQHandler
                0x0000000008000b2c       0x1c Core/Src/stm32f3xx_it.o
                0x0000000008000b2c                TIM1_BRK_TIM15_IRQHandler
 .text.TIM1_TRG_COM_TIM17_IRQHandler
                0x0000000008000b48       0x14 Core/Src/stm32f3xx_it.o
                0x0000000008000b48                TIM1_TRG_COM_TIM17_IRQHandler
 .text.SPI1_IRQHandler
                0x0000000008000b5c       0x14 Core/Src/stm32f3xx_it.o
                0x0000000008000b5c                SPI1_IRQHandler
 .text.USART1_IRQHandler
                0x0000000008000b70       0x14 Core/Src/stm32f3xx_it.o
                0x0000000008000b70                USART1_IRQHandler
 .text._getpid  0x0000000008000b84       0x10 Core/Src/syscalls.o
                0x0000000008000b84                _getpid
 .text._kill    0x0000000008000b94       0x20 Core/Src/syscalls.o
                0x0000000008000b94                _kill
 .text._exit    0x0000000008000bb4       0x14 Core/Src/syscalls.o
                0x0000000008000bb4                _exit
 .text._sbrk    0x0000000008000bc8       0x6c Core/Src/sysmem.o
                0x0000000008000bc8                _sbrk
 .text.SystemInit
                0x0000000008000c34       0x24 Core/Src/system_stm32f3xx.o
                0x0000000008000c34                SystemInit
 .text.MX_TIM1_Init
                0x0000000008000c58       0xb4 Core/Src/tim.o
                0x0000000008000c58                MX_TIM1_Init
 .text.MX_TIM2_Init
                0x0000000008000d0c      0x124 Core/Src/tim.o
                0x0000000008000d0c                MX_TIM2_Init
 .text.MX_TIM3_Init
                0x0000000008000e30       0xac Core/Src/tim.o
                0x0000000008000e30                MX_TIM3_Init
 .text.HAL_TIM_Encoder_MspInit
                0x0000000008000edc      0x11c Core/Src/tim.o
                0x0000000008000edc                HAL_TIM_Encoder_MspInit
 .text.HAL_TIM_Base_MspInit
                0x0000000008000ff8       0x3c Core/Src/tim.o
                0x0000000008000ff8                HAL_TIM_Base_MspInit
 .text.HAL_TIM_MspPostInit
                0x0000000008001034       0x68 Core/Src/tim.o
                0x0000000008001034                HAL_TIM_MspPostInit
 .text.MX_USART1_UART_Init
                0x000000000800109c       0x68 Core/Src/usart.o
                0x000000000800109c                MX_USART1_UART_Init
 .text.HAL_UART_MspInit
                0x0000000008001104      0x144 Core/Src/usart.o
                0x0000000008001104                HAL_UART_MspInit
 .text.Reset_Handler
                0x0000000008001248       0x50 Core/Startup/startup_stm32f303k8tx.o
                0x0000000008001248                Reset_Handler
 .text.Default_Handler
                0x0000000008001298        0x2 Core/Startup/startup_stm32f303k8tx.o
                0x0000000008001298                RTC_Alarm_IRQHandler
                0x0000000008001298                TIM1_CC_IRQHandler
                0x0000000008001298                PVD_IRQHandler
                0x0000000008001298                TAMP_STAMP_IRQHandler
                0x0000000008001298                EXTI3_IRQHandler
                0x0000000008001298                EXTI0_IRQHandler
                0x0000000008001298                FPU_IRQHandler
                0x0000000008001298                CAN_TX_IRQHandler
                0x0000000008001298                TIM1_UP_TIM16_IRQHandler
                0x0000000008001298                ADC1_2_IRQHandler
                0x0000000008001298                CAN_SCE_IRQHandler
                0x0000000008001298                USART3_IRQHandler
                0x0000000008001298                DMA1_Channel7_IRQHandler
                0x0000000008001298                TIM7_DAC2_IRQHandler
                0x0000000008001298                CAN_RX1_IRQHandler
                0x0000000008001298                I2C1_EV_IRQHandler
                0x0000000008001298                DMA1_Channel6_IRQHandler
                0x0000000008001298                TIM3_IRQHandler
                0x0000000008001298                RCC_IRQHandler
                0x0000000008001298                DMA1_Channel1_IRQHandler
                0x0000000008001298                Default_Handler
                0x0000000008001298                EXTI15_10_IRQHandler
                0x0000000008001298                COMP2_IRQHandler
                0x0000000008001298                TIM6_DAC1_IRQHandler
                0x0000000008001298                EXTI9_5_IRQHandler
                0x0000000008001298                RTC_WKUP_IRQHandler
                0x0000000008001298                EXTI4_IRQHandler
                0x0000000008001298                DMA1_Channel3_IRQHandler
                0x0000000008001298                WWDG_IRQHandler
                0x0000000008001298                TIM2_IRQHandler
                0x0000000008001298                EXTI1_IRQHandler
                0x0000000008001298                COMP4_6_IRQHandler
                0x0000000008001298                USART2_IRQHandler
                0x0000000008001298                DMA1_Channel2_IRQHandler
                0x0000000008001298                FLASH_IRQHandler
                0x0000000008001298                CAN_RX0_IRQHandler
                0x0000000008001298                I2C1_ER_IRQHandler
                0x0000000008001298                EXTI2_TSC_IRQHandler
 *fill*         0x000000000800129a        0x2 
 .text.HAL_Init
                0x000000000800129c       0x2c Drivers/STM32F3xx_HAL_Driver/Src/stm32f3xx_hal.o
                0x000000000800129c                HAL_Init
 .text.HAL_IncTick
                0x00000000080012c8       0x28 Drivers/STM32F3xx_HAL_Driver/Src/stm32f3xx_hal.o
                0x00000000080012c8                HAL_IncTick
 .text.HAL_ADC_Init
                0x00000000080012f0      0x324 Drivers/STM32F3xx_HAL_Driver/Src/stm32f3xx_hal_adc_ex.o
                0x00000000080012f0                HAL_ADC_Init
 .text.HAL_ADC_Start
                0x0000000008001614      0x16c Drivers/STM32F3xx_HAL_Driver/Src/stm32f3xx_hal_adc_ex.o
                0x0000000008001614                HAL_ADC_Start
 .text.HAL_ADC_PollForConversion
                0x0000000008001780      0x18c Drivers/STM32F3xx_HAL_Driver/Src/stm32f3xx_hal_adc_ex.o
                0x0000000008001780                HAL_ADC_PollForConversion
 .text.HAL_ADC_GetValue
                0x000000000800190c       0x1a Drivers/STM32F3xx_HAL_Driver/Src/stm32f3xx_hal_adc_ex.o
                0x000000000800190c                HAL_ADC_GetValue
 .text.HAL_ADCEx_Calibration_Start
                0x0000000008001926       0xd4 Drivers/STM32F3xx_HAL_Driver/Src/stm32f3xx_hal_adc_ex.o
                0x0000000008001926                HAL_ADCEx_Calibration_Start
 *fill*         0x00000000080019fa        0x2 
 .text.HAL_ADC_ConfigChannel
                0x00000000080019fc      0x584 Drivers/STM32F3xx_HAL_Driver/Src/stm32f3xx_hal_adc_ex.o
                0x00000000080019fc                HAL_ADC_ConfigChannel
 .text.HAL_ADCEx_MultiModeConfigChannel
                0x0000000008001f80      0x18c Drivers/STM32F3xx_HAL_Driver/Src/stm32f3xx_hal_adc_ex.o
                0x0000000008001f80                HAL_ADCEx_MultiModeConfigChannel
 .text.ADC_Enable
                0x000000000800210c       0xbc Drivers/STM32F3xx_HAL_Driver/Src/stm32f3xx_hal_adc_ex.o
 .text.ADC_Disable
                0x00000000080021c8       0xbe Drivers/STM32F3xx_HAL_Driver/Src/stm32f3xx_hal_adc_ex.o
 *fill*         0x0000000008002286        0x2 
 .text.__NVIC_SetPriorityGrouping
                0x0000000008002288       0x48 Drivers/STM32F3xx_HAL_Driver/Src/stm32f3xx_hal_cortex.o
 .text.__NVIC_GetPriorityGrouping
                0x00000000080022d0       0x1c Drivers/STM32F3xx_HAL_Driver/Src/stm32f3xx_hal_cortex.o
 .text.__NVIC_EnableIRQ
                0x00000000080022ec       0x3c Drivers/STM32F3xx_HAL_Driver/Src/stm32f3xx_hal_cortex.o
 .text.__NVIC_SetPriority
                0x0000000008002328       0x54 Drivers/STM32F3xx_HAL_Driver/Src/stm32f3xx_hal_cortex.o
 .text.NVIC_EncodePriority
                0x000000000800237c       0x66 Drivers/STM32F3xx_HAL_Driver/Src/stm32f3xx_hal_cortex.o
 .text.HAL_NVIC_SetPriorityGrouping
                0x00000000080023e2       0x16 Drivers/STM32F3xx_HAL_Driver/Src/stm32f3xx_hal_cortex.o
                0x00000000080023e2                HAL_NVIC_SetPriorityGrouping
 .text.HAL_NVIC_SetPriority
                0x00000000080023f8       0x38 Drivers/STM32F3xx_HAL_Driver/Src/stm32f3xx_hal_cortex.o
                0x00000000080023f8                HAL_NVIC_SetPriority
 .text.HAL_NVIC_EnableIRQ
                0x0000000008002430       0x1c Drivers/STM32F3xx_HAL_Driver/Src/stm32f3xx_hal_cortex.o
                0x0000000008002430                HAL_NVIC_EnableIRQ
 .text.HAL_DMA_Init
                0x000000000800244c       0x8e Drivers/STM32F3xx_HAL_Driver/Src/stm32f3xx_hal_dma.o
                0x000000000800244c                HAL_DMA_Init
 .text.HAL_DMA_Start_IT
                0x00000000080024da       0xbe Drivers/STM32F3xx_HAL_Driver/Src/stm32f3xx_hal_dma.o
                0x00000000080024da                HAL_DMA_Start_IT
 .text.HAL_DMA_Abort
                0x0000000008002598       0x72 Drivers/STM32F3xx_HAL_Driver/Src/stm32f3xx_hal_dma.o
                0x0000000008002598                HAL_DMA_Abort
 .text.HAL_DMA_Abort_IT
                0x000000000800260a       0x7c Drivers/STM32F3xx_HAL_Driver/Src/stm32f3xx_hal_dma.o
                0x000000000800260a                HAL_DMA_Abort_IT
 .text.HAL_DMA_IRQHandler
                0x0000000008002686      0x146 Drivers/STM32F3xx_HAL_Driver/Src/stm32f3xx_hal_dma.o
                0x0000000008002686                HAL_DMA_IRQHandler
 .text.DMA_SetConfig
                0x00000000080027cc       0x5c Drivers/STM32F3xx_HAL_Driver/Src/stm32f3xx_hal_dma.o
 .text.DMA_CalcBaseAndBitshift
                0x0000000008002828       0x40 Drivers/STM32F3xx_HAL_Driver/Src/stm32f3xx_hal_dma.o
 .text.HAL_GPIO_Init
                0x0000000008002868      0x2e4 Drivers/STM32F3xx_HAL_Driver/Src/stm32f3xx_hal_gpio.o
                0x0000000008002868                HAL_GPIO_Init
 .text.HAL_GPIO_WritePin
                0x0000000008002b4c       0x30 Drivers/STM32F3xx_HAL_Driver/Src/stm32f3xx_hal_gpio.o
                0x0000000008002b4c                HAL_GPIO_WritePin
 .text.HAL_RCC_OscConfig
                0x0000000008002b7c      0xe10 Drivers/STM32F3xx_HAL_Driver/Src/stm32f3xx_hal_rcc.o
                0x0000000008002b7c                HAL_RCC_OscConfig
 .text.HAL_RCC_ClockConfig
                0x000000000800398c      0x2f8 Drivers/STM32F3xx_HAL_Driver/Src/stm32f3xx_hal_rcc.o
                0x000000000800398c                HAL_RCC_ClockConfig
 .text.HAL_RCC_GetSysClockFreq
                0x0000000008003c84       0xd8 Drivers/STM32F3xx_HAL_Driver/Src/stm32f3xx_hal_rcc.o
                0x0000000008003c84                HAL_RCC_GetSysClockFreq
 .text.HAL_RCC_GetHCLKFreq
                0x0000000008003d5c       0x18 Drivers/STM32F3xx_HAL_Driver/Src/stm32f3xx_hal_rcc.o
                0x0000000008003d5c                HAL_RCC_GetHCLKFreq
 .text.HAL_RCC_GetPCLK1Freq
                0x0000000008003d74       0x44 Drivers/STM32F3xx_HAL_Driver/Src/stm32f3xx_hal_rcc.o
                0x0000000008003d74                HAL_RCC_GetPCLK1Freq
 .text.HAL_RCC_GetPCLK2Freq
                0x0000000008003db8       0x44 Drivers/STM32F3xx_HAL_Driver/Src/stm32f3xx_hal_rcc.o
                0x0000000008003db8                HAL_RCC_GetPCLK2Freq
 .text.HAL_RCC_GetClockConfig
                0x0000000008003dfc       0x64 Drivers/STM32F3xx_HAL_Driver/Src/stm32f3xx_hal_rcc.o
                0x0000000008003dfc                HAL_RCC_GetClockConfig
 .text.HAL_SPI_Init
                0x0000000008003e60      0x146 Drivers/STM32F3xx_HAL_Driver/Src/stm32f3xx_hal_spi.o
                0x0000000008003e60                HAL_SPI_Init
 .text.HAL_SPI_TransmitReceive
                0x0000000008003fa6      0x426 Drivers/STM32F3xx_HAL_Driver/Src/stm32f3xx_hal_spi.o
                0x0000000008003fa6                HAL_SPI_TransmitReceive
 .text.HAL_SPI_IRQHandler
                0x00000000080043cc      0x200 Drivers/STM32F3xx_HAL_Driver/Src/stm32f3xx_hal_spi.o
                0x00000000080043cc                HAL_SPI_IRQHandler
 .text.HAL_SPI_ErrorCallback
                0x00000000080045cc       0x14 Drivers/STM32F3xx_HAL_Driver/Src/stm32f3xx_hal_spi.o
                0x00000000080045cc                HAL_SPI_ErrorCallback
 .text.SPI_DMAAbortOnError
                0x00000000080045e0       0x2a Drivers/STM32F3xx_HAL_Driver/Src/stm32f3xx_hal_spi.o
 *fill*         0x000000000800460a        0x2 
 .text.SPI_WaitFlagStateUntilTimeout
                0x000000000800460c      0x110 Drivers/STM32F3xx_HAL_Driver/Src/stm32f3xx_hal_spi.o
 .text.SPI_WaitFifoStateUntilTimeout
                0x000000000800471c      0x11c Drivers/STM32F3xx_HAL_Driver/Src/stm32f3xx_hal_spi.o
 .text.SPI_EndRxTxTransaction
                0x0000000008004838       0x8c Drivers/STM32F3xx_HAL_Driver/Src/stm32f3xx_hal_spi.o
 .text.HAL_TIM_Base_Init
                0x00000000080048c4       0xae Drivers/STM32F3xx_HAL_Driver/Src/stm32f3xx_hal_tim.o
                0x00000000080048c4                HAL_TIM_Base_Init
 *fill*         0x0000000008004972        0x2 
 .text.HAL_TIM_Base_Start_IT
                0x0000000008004974       0xb8 Drivers/STM32F3xx_HAL_Driver/Src/stm32f3xx_hal_tim.o
                0x0000000008004974                HAL_TIM_Base_Start_IT
 .text.HAL_TIM_PWM_Init
                0x0000000008004a2c       0xae Drivers/STM32F3xx_HAL_Driver/Src/stm32f3xx_hal_tim.o
                0x0000000008004a2c                HAL_TIM_PWM_Init
 .text.HAL_TIM_PWM_MspInit
                0x0000000008004ada       0x14 Drivers/STM32F3xx_HAL_Driver/Src/stm32f3xx_hal_tim.o
                0x0000000008004ada                HAL_TIM_PWM_MspInit
 *fill*         0x0000000008004aee        0x2 
 .text.HAL_TIM_PWM_Start
                0x0000000008004af0      0x1d8 Drivers/STM32F3xx_HAL_Driver/Src/stm32f3xx_hal_tim.o
                0x0000000008004af0                HAL_TIM_PWM_Start
 .text.HAL_TIM_Encoder_Init
                0x0000000008004cc8      0x14c Drivers/STM32F3xx_HAL_Driver/Src/stm32f3xx_hal_tim.o
                0x0000000008004cc8                HAL_TIM_Encoder_Init
 .text.HAL_TIM_Encoder_Start
                0x0000000008004e14      0x11c Drivers/STM32F3xx_HAL_Driver/Src/stm32f3xx_hal_tim.o
                0x0000000008004e14                HAL_TIM_Encoder_Start
 .text.HAL_TIM_IRQHandler
                0x0000000008004f30      0x23e Drivers/STM32F3xx_HAL_Driver/Src/stm32f3xx_hal_tim.o
                0x0000000008004f30                HAL_TIM_IRQHandler
 *fill*         0x000000000800516e        0x2 
 .text.HAL_TIM_PWM_ConfigChannel
                0x0000000008005170      0x220 Drivers/STM32F3xx_HAL_Driver/Src/stm32f3xx_hal_tim.o
                0x0000000008005170                HAL_TIM_PWM_ConfigChannel
 .text.HAL_TIM_ConfigClockSource
                0x0000000008005390      0x18c Drivers/STM32F3xx_HAL_Driver/Src/stm32f3xx_hal_tim.o
                0x0000000008005390                HAL_TIM_ConfigClockSource
 .text.HAL_TIM_OC_DelayElapsedCallback
                0x000000000800551c       0x14 Drivers/STM32F3xx_HAL_Driver/Src/stm32f3xx_hal_tim.o
                0x000000000800551c                HAL_TIM_OC_DelayElapsedCallback
 .text.HAL_TIM_IC_CaptureCallback
                0x0000000008005530       0x14 Drivers/STM32F3xx_HAL_Driver/Src/stm32f3xx_hal_tim.o
                0x0000000008005530                HAL_TIM_IC_CaptureCallback
 .text.HAL_TIM_PWM_PulseFinishedCallback
                0x0000000008005544       0x14 Drivers/STM32F3xx_HAL_Driver/Src/stm32f3xx_hal_tim.o
                0x0000000008005544                HAL_TIM_PWM_PulseFinishedCallback
 .text.HAL_TIM_TriggerCallback
                0x0000000008005558       0x14 Drivers/STM32F3xx_HAL_Driver/Src/stm32f3xx_hal_tim.o
                0x0000000008005558                HAL_TIM_TriggerCallback
 .text.TIM_Base_SetConfig
                0x000000000800556c       0xf0 Drivers/STM32F3xx_HAL_Driver/Src/stm32f3xx_hal_tim.o
                0x000000000800556c                TIM_Base_SetConfig
 .text.TIM_OC1_SetConfig
                0x000000000800565c      0x10c Drivers/STM32F3xx_HAL_Driver/Src/stm32f3xx_hal_tim.o
 .text.TIM_OC2_SetConfig
                0x0000000008005768      0x100 Drivers/STM32F3xx_HAL_Driver/Src/stm32f3xx_hal_tim.o
                0x0000000008005768                TIM_OC2_SetConfig
 .text.TIM_OC3_SetConfig
                0x0000000008005868       0xfc Drivers/STM32F3xx_HAL_Driver/Src/stm32f3xx_hal_tim.o
 .text.TIM_OC4_SetConfig
                0x0000000008005964       0xc8 Drivers/STM32F3xx_HAL_Driver/Src/stm32f3xx_hal_tim.o
 .text.TIM_OC5_SetConfig
                0x0000000008005a2c       0xbc Drivers/STM32F3xx_HAL_Driver/Src/stm32f3xx_hal_tim.o
 .text.TIM_OC6_SetConfig
                0x0000000008005ae8       0xc0 Drivers/STM32F3xx_HAL_Driver/Src/stm32f3xx_hal_tim.o
 .text.TIM_TI1_ConfigInputStage
                0x0000000008005ba8       0x5e Drivers/STM32F3xx_HAL_Driver/Src/stm32f3xx_hal_tim.o
 .text.TIM_TI2_ConfigInputStage
                0x0000000008005c06       0x60 Drivers/STM32F3xx_HAL_Driver/Src/stm32f3xx_hal_tim.o
 .text.TIM_ITRx_SetConfig
                0x0000000008005c66       0x36 Drivers/STM32F3xx_HAL_Driver/Src/stm32f3xx_hal_tim.o
 .text.TIM_ETR_SetConfig
                0x0000000008005c9c       0x40 Drivers/STM32F3xx_HAL_Driver/Src/stm32f3xx_hal_tim.o
                0x0000000008005c9c                TIM_ETR_SetConfig
 .text.TIM_CCxChannelCmd
                0x0000000008005cdc       0x4a Drivers/STM32F3xx_HAL_Driver/Src/stm32f3xx_hal_tim.o
                0x0000000008005cdc                TIM_CCxChannelCmd
 *fill*         0x0000000008005d26        0x2 
 .text.HAL_TIMEx_MasterConfigSynchronization
                0x0000000008005d28       0xdc Drivers/STM32F3xx_HAL_Driver/Src/stm32f3xx_hal_tim_ex.o
                0x0000000008005d28                HAL_TIMEx_MasterConfigSynchronization
 .text.HAL_TIMEx_CommutCallback
                0x0000000008005e04       0x14 Drivers/STM32F3xx_HAL_Driver/Src/stm32f3xx_hal_tim_ex.o
                0x0000000008005e04                HAL_TIMEx_CommutCallback
 .text.HAL_TIMEx_BreakCallback
                0x0000000008005e18       0x14 Drivers/STM32F3xx_HAL_Driver/Src/stm32f3xx_hal_tim_ex.o
                0x0000000008005e18                HAL_TIMEx_BreakCallback
 .text.HAL_TIMEx_Break2Callback
                0x0000000008005e2c       0x14 Drivers/STM32F3xx_HAL_Driver/Src/stm32f3xx_hal_tim_ex.o
                0x0000000008005e2c                HAL_TIMEx_Break2Callback
 .text.HAL_UART_Init
                0x0000000008005e40       0x9c Drivers/STM32F3xx_HAL_Driver/Src/stm32f3xx_hal_uart.o
                0x0000000008005e40                HAL_UART_Init
 .text.HAL_UART_Transmit_DMA
                0x0000000008005edc       0xfc Drivers/STM32F3xx_HAL_Driver/Src/stm32f3xx_hal_uart.o
                0x0000000008005edc                HAL_UART_Transmit_DMA
 .text.HAL_UART_Receive_DMA
                0x0000000008005fd8       0x7a Drivers/STM32F3xx_HAL_Driver/Src/stm32f3xx_hal_uart.o
                0x0000000008005fd8                HAL_UART_Receive_DMA
 *fill*         0x0000000008006052        0x2 
 .text.HAL_UART_IRQHandler
                0x0000000008006054      0x400 Drivers/STM32F3xx_HAL_Driver/Src/stm32f3xx_hal_uart.o
                0x0000000008006054                HAL_UART_IRQHandler
 .text.HAL_UART_TxHalfCpltCallback
                0x0000000008006454       0x14 Drivers/STM32F3xx_HAL_Driver/Src/stm32f3xx_hal_uart.o
                0x0000000008006454                HAL_UART_TxHalfCpltCallback
 .text.HAL_UART_RxHalfCpltCallback
                0x0000000008006468       0x14 Drivers/STM32F3xx_HAL_Driver/Src/stm32f3xx_hal_uart.o
                0x0000000008006468                HAL_UART_RxHalfCpltCallback
 .text.HAL_UART_ErrorCallback
                0x000000000800647c       0x14 Drivers/STM32F3xx_HAL_Driver/Src/stm32f3xx_hal_uart.o
                0x000000000800647c                HAL_UART_ErrorCallback
 .text.HAL_UARTEx_RxEventCallback
                0x0000000008006490       0x18 Drivers/STM32F3xx_HAL_Driver/Src/stm32f3xx_hal_uart.o
                0x0000000008006490                HAL_UARTEx_RxEventCallback
 .text.UART_SetConfig
                0x00000000080064a8      0x26c Drivers/STM32F3xx_HAL_Driver/Src/stm32f3xx_hal_uart.o
                0x00000000080064a8                UART_SetConfig
 .text.UART_AdvFeatureConfig
                0x0000000008006714      0x144 Drivers/STM32F3xx_HAL_Driver/Src/stm32f3xx_hal_uart.o
                0x0000000008006714                UART_AdvFeatureConfig
 .text.UART_CheckIdleState
                0x0000000008006858       0x92 Drivers/STM32F3xx_HAL_Driver/Src/stm32f3xx_hal_uart.o
                0x0000000008006858                UART_CheckIdleState
 .text.UART_WaitOnFlagUntilTimeout
                0x00000000080068ea       0xf8 Drivers/STM32F3xx_HAL_Driver/Src/stm32f3xx_hal_uart.o
                0x00000000080068ea                UART_WaitOnFlagUntilTimeout
 *fill*         0x00000000080069e2        0x2 
 .text.UART_Start_Receive_DMA
                0x00000000080069e4       0xd8 Drivers/STM32F3xx_HAL_Driver/Src/stm32f3xx_hal_uart.o
                0x00000000080069e4                UART_Start_Receive_DMA
 .text.UART_EndTxTransfer
                0x0000000008006abc       0x2a Drivers/STM32F3xx_HAL_Driver/Src/stm32f3xx_hal_uart.o
 .text.UART_EndRxTransfer
                0x0000000008006ae6       0x5e Drivers/STM32F3xx_HAL_Driver/Src/stm32f3xx_hal_uart.o
 .text.UART_DMATransmitCplt
                0x0000000008006b44       0x4e Drivers/STM32F3xx_HAL_Driver/Src/stm32f3xx_hal_uart.o
 .text.UART_DMATxHalfCplt
                0x0000000008006b92       0x1c Drivers/STM32F3xx_HAL_Driver/Src/stm32f3xx_hal_uart.o
 .text.UART_DMAReceiveCplt
                0x0000000008006bae       0x92 Drivers/STM32F3xx_HAL_Driver/Src/stm32f3xx_hal_uart.o
 .text.UART_DMARxHalfCplt
                0x0000000008006c40       0x38 Drivers/STM32F3xx_HAL_Driver/Src/stm32f3xx_hal_uart.o
 .text.UART_DMAError
                0x0000000008006c78       0x7c Drivers/STM32F3xx_HAL_Driver/Src/stm32f3xx_hal_uart.o
 .text.UART_DMAAbortOnError
                0x0000000008006cf4       0x2c Drivers/STM32F3xx_HAL_Driver/Src/stm32f3xx_hal_uart.o
 .text.UART_EndTransmit_IT
                0x0000000008006d20       0x32 Drivers/STM32F3xx_HAL_Driver/Src/stm32f3xx_hal_uart.o
 .text.HAL_UARTEx_WakeupCallback
                0x0000000008006d52       0x14 Drivers/STM32F3xx_HAL_Driver/Src/stm32f3xx_hal_uart_ex.o
                0x0000000008006d52                HAL_UARTEx_WakeupCallback
 .text.vListInitialise
                0x0000000008006d66       0x40 Middlewares/Third_Party/FreeRTOS/Source/list.o
                0x0000000008006d66                vListInitialise
 .text.vListInitialiseItem
                0x0000000008006da6       0x1a Middlewares/Third_Party/FreeRTOS/Source/list.o
                0x0000000008006da6                vListInitialiseItem
 .text.vListInsertEnd
                0x0000000008006dc0       0x48 Middlewares/Third_Party/FreeRTOS/Source/list.o
                0x0000000008006dc0                vListInsertEnd
 .text.vListInsert
                0x0000000008006e08       0x72 Middlewares/Third_Party/FreeRTOS/Source/list.o
                0x0000000008006e08                vListInsert
 .text.uxListRemove
                0x0000000008006e7a       0x54 Middlewares/Third_Party/FreeRTOS/Source/list.o
                0x0000000008006e7a                uxListRemove
 *fill*         0x0000000008006ece        0x2 
 .text.xQueueGenericReset
                0x0000000008006ed0       0xd0 Middlewares/Third_Party/FreeRTOS/Source/queue.o
                0x0000000008006ed0                xQueueGenericReset
 .text.xQueueGenericCreate
                0x0000000008006fa0       0x74 Middlewares/Third_Party/FreeRTOS/Source/queue.o
                0x0000000008006fa0                xQueueGenericCreate
 .text.prvInitialiseNewQueue
                0x0000000008007014       0x3e Middlewares/Third_Party/FreeRTOS/Source/queue.o
 *fill*         0x0000000008007052        0x2 
 .text.xQueueGenericSend
                0x0000000008007054      0x1fc Middlewares/Third_Party/FreeRTOS/Source/queue.o
                0x0000000008007054                xQueueGenericSend
 .text.xQueueGenericSendFromISR
                0x0000000008007250      0x130 Middlewares/Third_Party/FreeRTOS/Source/queue.o
                0x0000000008007250                xQueueGenericSendFromISR
 .text.xQueueReceive
                0x0000000008007380      0x1c0 Middlewares/Third_Party/FreeRTOS/Source/queue.o
                0x0000000008007380                xQueueReceive
 .text.prvCopyDataToQueue
                0x0000000008007540       0xd4 Middlewares/Third_Party/FreeRTOS/Source/queue.o
 .text.prvCopyDataFromQueue
                0x0000000008007614       0x4c Middlewares/Third_Party/FreeRTOS/Source/queue.o
 .text.prvUnlockQueue
                0x0000000008007660       0xa4 Middlewares/Third_Party/FreeRTOS/Source/queue.o
 .text.prvIsQueueEmpty
                0x0000000008007704       0x2c Middlewares/Third_Party/FreeRTOS/Source/queue.o
 .text.prvIsQueueFull
                0x0000000008007730       0x30 Middlewares/Third_Party/FreeRTOS/Source/queue.o
 .text.vQueueAddToRegistry
                0x0000000008007760       0x54 Middlewares/Third_Party/FreeRTOS/Source/queue.o
                0x0000000008007760                vQueueAddToRegistry
 .text.vQueueWaitForMessageRestricted
                0x00000000080077b4       0x68 Middlewares/Third_Party/FreeRTOS/Source/queue.o
                0x00000000080077b4                vQueueWaitForMessageRestricted
 .text.xTaskCreate
                0x000000000800781c       0x82 Middlewares/Third_Party/FreeRTOS/Source/tasks.o
                0x000000000800781c                xTaskCreate
 .text.prvInitialiseNewTask
                0x000000000800789e      0x10e Middlewares/Third_Party/FreeRTOS/Source/tasks.o
 .text.prvAddNewTaskToReadyList
                0x00000000080079ac       0xd4 Middlewares/Third_Party/FreeRTOS/Source/tasks.o
 .text.vTaskStartScheduler
                0x0000000008007a80       0x9c Middlewares/Third_Party/FreeRTOS/Source/tasks.o
                0x0000000008007a80                vTaskStartScheduler
 .text.vTaskSuspendAll
                0x0000000008007b1c       0x1c Middlewares/Third_Party/FreeRTOS/Source/tasks.o
                0x0000000008007b1c                vTaskSuspendAll
 .text.xTaskResumeAll
                0x0000000008007b38      0x138 Middlewares/Third_Party/FreeRTOS/Source/tasks.o
                0x0000000008007b38                xTaskResumeAll
 .text.xTaskGetTickCount
                0x0000000008007c70       0x20 Middlewares/Third_Party/FreeRTOS/Source/tasks.o
                0x0000000008007c70                xTaskGetTickCount
 .text.xTaskIncrementTick
                0x0000000008007c90      0x17c Middlewares/Third_Party/FreeRTOS/Source/tasks.o
                0x0000000008007c90                xTaskIncrementTick
 .text.vTaskSwitchContext
                0x0000000008007e0c      0x100 Middlewares/Third_Party/FreeRTOS/Source/tasks.o
                0x0000000008007e0c                vTaskSwitchContext
 .text.vTaskPlaceOnEventList
                0x0000000008007f0c       0x48 Middlewares/Third_Party/FreeRTOS/Source/tasks.o
                0x0000000008007f0c                vTaskPlaceOnEventList
 .text.vTaskPlaceOnEventListRestricted
                0x0000000008007f54       0x58 Middlewares/Third_Party/FreeRTOS/Source/tasks.o
                0x0000000008007f54                vTaskPlaceOnEventListRestricted
 .text.xTaskRemoveFromEventList
                0x0000000008007fac       0xc4 Middlewares/Third_Party/FreeRTOS/Source/tasks.o
                0x0000000008007fac                xTaskRemoveFromEventList
 .text.vTaskInternalSetTimeOutState
                0x0000000008008070       0x2c Middlewares/Third_Party/FreeRTOS/Source/tasks.o
                0x0000000008008070                vTaskInternalSetTimeOutState
 .text.xTaskCheckForTimeOut
                0x000000000800809c       0xb4 Middlewares/Third_Party/FreeRTOS/Source/tasks.o
                0x000000000800809c                xTaskCheckForTimeOut
 .text.vTaskMissedYield
                0x0000000008008150       0x18 Middlewares/Third_Party/FreeRTOS/Source/tasks.o
                0x0000000008008150                vTaskMissedYield
 .text.prvIdleTask
                0x0000000008008168       0x30 Middlewares/Third_Party/FreeRTOS/Source/tasks.o
 .text.prvInitialiseTaskLists
                0x0000000008008198       0x6c Middlewares/Third_Party/FreeRTOS/Source/tasks.o
 .text.prvCheckTasksWaitingTermination
                0x0000000008008204        0xe Middlewares/Third_Party/FreeRTOS/Source/tasks.o
 *fill*         0x0000000008008212        0x2 
 .text.prvResetNextTaskUnblockTime
                0x0000000008008214       0x4c Middlewares/Third_Party/FreeRTOS/Source/tasks.o
 .text.xTaskGetSchedulerState
                0x0000000008008260       0x3c Middlewares/Third_Party/FreeRTOS/Source/tasks.o
                0x0000000008008260                xTaskGetSchedulerState
 .text.xTaskPriorityDisinherit
                0x000000000800829c      0x10c Middlewares/Third_Party/FreeRTOS/Source/tasks.o
                0x000000000800829c                xTaskPriorityDisinherit
 .text.ulTaskNotifyTake
                0x00000000080083a8       0x90 Middlewares/Third_Party/FreeRTOS/Source/tasks.o
                0x00000000080083a8                ulTaskNotifyTake
 .text.xTaskGenericNotify
                0x0000000008008438      0x148 Middlewares/Third_Party/FreeRTOS/Source/tasks.o
                0x0000000008008438                xTaskGenericNotify
 .text.prvAddCurrentTaskToDelayedList
                0x0000000008008580       0xa8 Middlewares/Third_Party/FreeRTOS/Source/tasks.o
 .text.xTimerCreateTimerTask
                0x0000000008008628       0x64 Middlewares/Third_Party/FreeRTOS/Source/timers.o
                0x0000000008008628                xTimerCreateTimerTask
 .text.xTimerCreate
                0x000000000800868c       0x3a Middlewares/Third_Party/FreeRTOS/Source/timers.o
                0x000000000800868c                xTimerCreate
 .text.prvInitialiseNewTimer
                0x00000000080086c6       0x64 Middlewares/Third_Party/FreeRTOS/Source/timers.o
 *fill*         0x000000000800872a        0x2 
 .text.xTimerGenericCommand
                0x000000000800872c       0x9c Middlewares/Third_Party/FreeRTOS/Source/timers.o
                0x000000000800872c                xTimerGenericCommand
 .text.prvProcessExpiredTimer
                0x00000000080087c8       0x80 Middlewares/Third_Party/FreeRTOS/Source/timers.o
 .text.prvTimerTask
                0x0000000008008848       0x24 Middlewares/Third_Party/FreeRTOS/Source/timers.o
 .text.prvProcessTimerOrBlockTask
                0x000000000800886c       0x9c Middlewares/Third_Party/FreeRTOS/Source/timers.o
 .text.prvGetNextExpireTime
                0x0000000008008908       0x48 Middlewares/Third_Party/FreeRTOS/Source/timers.o
 .text.prvSampleTimeNow
                0x0000000008008950       0x40 Middlewares/Third_Party/FreeRTOS/Source/timers.o
 .text.prvInsertTimerInActiveList
                0x0000000008008990       0x84 Middlewares/Third_Party/FreeRTOS/Source/timers.o
 .text.prvProcessReceivedCommands
                0x0000000008008a14      0x128 Middlewares/Third_Party/FreeRTOS/Source/timers.o
 .text.prvSwitchTimerLists
                0x0000000008008b3c       0xc4 Middlewares/Third_Party/FreeRTOS/Source/timers.o
 .text.prvCheckForValidListAndQueue
                0x0000000008008c00       0x6c Middlewares/Third_Party/FreeRTOS/Source/timers.o
 .text.pxPortInitialiseStack
                0x0000000008008c6c       0x68 Middlewares/Third_Party/FreeRTOS/Source/portable/GCC/ARM_CM4F/port.o
                0x0000000008008c6c                pxPortInitialiseStack
 .text.prvTaskExitError
                0x0000000008008cd4       0x58 Middlewares/Third_Party/FreeRTOS/Source/portable/GCC/ARM_CM4F/port.o
 *fill*         0x0000000008008d2c        0x4 
 .text.SVC_Handler
                0x0000000008008d30       0x28 Middlewares/Third_Party/FreeRTOS/Source/portable/GCC/ARM_CM4F/port.o
                0x0000000008008d30                SVC_Handler
 .text.prvPortStartFirstTask
                0x0000000008008d58       0x28 Middlewares/Third_Party/FreeRTOS/Source/portable/GCC/ARM_CM4F/port.o
 .text.xPortStartScheduler
                0x0000000008008d80      0x144 Middlewares/Third_Party/FreeRTOS/Source/portable/GCC/ARM_CM4F/port.o
                0x0000000008008d80                xPortStartScheduler
 .text.vPortEnterCritical
                0x0000000008008ec4       0x60 Middlewares/Third_Party/FreeRTOS/Source/portable/GCC/ARM_CM4F/port.o
                0x0000000008008ec4                vPortEnterCritical
 .text.vPortExitCritical
                0x0000000008008f24       0x54 Middlewares/Third_Party/FreeRTOS/Source/portable/GCC/ARM_CM4F/port.o
                0x0000000008008f24                vPortExitCritical
 *fill*         0x0000000008008f78        0x8 
 .text.PendSV_Handler
                0x0000000008008f80       0x68 Middlewares/Third_Party/FreeRTOS/Source/portable/GCC/ARM_CM4F/port.o
                0x0000000008008f80                PendSV_Handler
 .text.SysTick_Handler
                0x0000000008008fe8       0x44 Middlewares/Third_Party/FreeRTOS/Source/portable/GCC/ARM_CM4F/port.o
                0x0000000008008fe8                SysTick_Handler
 .text.vPortSetupTimerInterrupt
                0x000000000800902c       0x48 Middlewares/Third_Party/FreeRTOS/Source/portable/GCC/ARM_CM4F/port.o
                0x000000000800902c                vPortSetupTimerInterrupt
 .text.vPortEnableVFP
                0x0000000008009074       0x14 Middlewares/Third_Party/FreeRTOS/Source/portable/GCC/ARM_CM4F/port.o
 .text.vPortValidateInterruptPriority
                0x0000000008009088       0x80 Middlewares/Third_Party/FreeRTOS/Source/portable/GCC/ARM_CM4F/port.o
                0x0000000008009088                vPortValidateInterruptPriority
 .text.pvPortMalloc
                0x0000000008009108       0xa4 Middlewares/Third_Party/FreeRTOS/Source/portable/MemMang/heap_1.o
                0x0000000008009108                pvPortMalloc
 .text.vPortFree
                0x00000000080091ac       0x30 Middlewares/Third_Party/FreeRTOS/Source/portable/MemMang/heap_1.o
                0x00000000080091ac                vPortFree
 .text._ZN3ros16normalizeSecNSecERmS0_
                0x00000000080091dc       0x58 User/Inc/rosserial_lib/time.o
                0x00000000080091dc                ros::normalizeSecNSec(unsigned long&, unsigned long&)
 .text._ZN14BatteryMonitorC2Ev
                0x0000000008009234       0x2c User/Src/battery_monitor.o
                0x0000000008009234                BatteryMonitor::BatteryMonitor()
                0x0000000008009234                BatteryMonitor::BatteryMonitor()
 .text._ZN14BatteryMonitor4initEv
                0x0000000008009260       0x48 User/Src/battery_monitor.o
                0x0000000008009260                BatteryMonitor::init()
 .text._ZN14BatteryMonitor18calc_battery_stateEv
                0x00000000080092a8       0x98 User/Src/battery_monitor.o
                0x00000000080092a8                BatteryMonitor::calc_battery_state()
 .text.init_dif_drive
                0x0000000008009340       0x14 User/Src/control_dif_drive.o
                0x0000000008009340                init_dif_drive
 .text.init_dif_drive_task
                0x0000000008009354       0x7c User/Src/control_dif_drive.o
                0x0000000008009354                init_dif_drive_task
 .text._Z12difDriveTaskPv
                0x00000000080093d0       0x2c User/Src/control_dif_drive.o
                0x00000000080093d0                difDriveTask(void*)
 .text._Z16difDriveCallBackPv
                0x00000000080093fc       0x24 User/Src/control_dif_drive.o
                0x00000000080093fc                difDriveCallBack(void*)
 .text._Z41__static_initialization_and_destruction_0ii
                0x0000000008009420       0x30 User/Src/control_dif_drive.o
 .text._GLOBAL__sub_I_difDriveTaskHandle
                0x0000000008009450       0x10 User/Src/control_dif_drive.o
 .text._ZN11MotorDriverC2E12enm_motor_idi
                0x0000000008009460       0x28 User/Src/drive_motor.o
                0x0000000008009460                MotorDriver::MotorDriver(enm_motor_id, int)
                0x0000000008009460                MotorDriver::MotorDriver(enm_motor_id, int)
 .text._ZN11MotorDriver4initEv
                0x0000000008009488       0x48 User/Src/drive_motor.o
                0x0000000008009488                MotorDriver::init()
 .text._ZN11MotorDriver16drive_motor_dutyEfi
                0x00000000080094d0       0xc8 User/Src/drive_motor.o
                0x00000000080094d0                MotorDriver::drive_motor_duty(float, int)
 .text._ZN11MotorDriver9drive_pwmEf
                0x0000000008009598      0x100 User/Src/drive_motor.o
                0x0000000008009598                MotorDriver::drive_pwm(float)
 .text._ZN7EncoderC2E12enm_motor_idta
                0x0000000008009698       0x54 User/Src/encoder.o
                0x0000000008009698                Encoder::Encoder(enm_motor_id, unsigned short, signed char)
                0x0000000008009698                Encoder::Encoder(enm_motor_id, unsigned short, signed char)
 .text._ZN7Encoder4initEv
                0x00000000080096ec       0x22 User/Src/encoder.o
                0x00000000080096ec                Encoder::init()
 .text._ZN7Encoder12get_velocityEv
                0x000000000800970e       0x32 User/Src/encoder.o
                0x000000000800970e                Encoder::get_velocity()
 .text._ZN7Encoder14count_periodicEv
                0x0000000008009740       0x22 User/Src/encoder.o
                0x0000000008009740                Encoder::count_periodic()
 .text._ZN7Encoder14calc_count_difEv
                0x0000000008009762       0x48 User/Src/encoder.o
                0x0000000008009762                Encoder::calc_count_dif()
 *fill*         0x00000000080097aa        0x2 
 .text._ZN7Encoder9calc_nrpsEv
                0x00000000080097ac       0x60 User/Src/encoder.o
                0x00000000080097ac                Encoder::calc_nrps()
 .text._ZN7Encoder19calc_rotation_angleEv
                0x000000000800980c       0x54 User/Src/encoder.o
                0x000000000800980c                Encoder::calc_rotation_angle()
 .text._ZN7Encoder11reset_countEv
                0x0000000008009860       0x20 User/Src/encoder.o
                0x0000000008009860                Encoder::reset_count()
 .text._Z13nrps2velocityf
                0x0000000008009880       0x28 User/Src/encoder.o
                0x0000000008009880                nrps2velocity(float)
 .text._ZN23FeedbackMotorControllerC2E12enm_motor_idta
                0x00000000080098a8       0x88 User/Src/fb_control_motor.o
                0x00000000080098a8                FeedbackMotorController::FeedbackMotorController(enm_motor_id, unsigned short, signed char)
                0x00000000080098a8                FeedbackMotorController::FeedbackMotorController(enm_motor_id, unsigned short, signed char)
 .text._ZN23FeedbackMotorController4initEv
                0x0000000008009930       0x2a User/Src/fb_control_motor.o
                0x0000000008009930                FeedbackMotorController::init()
 .text._ZN23FeedbackMotorController5resetEv
                0x000000000800995a       0x3a User/Src/fb_control_motor.o
                0x000000000800995a                FeedbackMotorController::reset()
 .text._ZN23FeedbackMotorController19set_target_velocityEf
                0x0000000008009994       0x64 User/Src/fb_control_motor.o
                0x0000000008009994                FeedbackMotorController::set_target_velocity(float)
 .text._ZN23FeedbackMotorController19fb_control_periodicEv
                0x00000000080099f8      0x174 User/Src/fb_control_motor.o
                0x00000000080099f8                FeedbackMotorController::fb_control_periodic()
 .text._ZN27DifferentialDriveControllerC2Eta
                0x0000000008009b6c       0x76 User/Src/fb_control_motor.o
                0x0000000008009b6c                DifferentialDriveController::DifferentialDriveController(unsigned short, signed char)
                0x0000000008009b6c                DifferentialDriveController::DifferentialDriveController(unsigned short, signed char)
 .text._ZN27DifferentialDriveController5resetEv
                0x0000000008009be2       0x2a User/Src/fb_control_motor.o
                0x0000000008009be2                DifferentialDriveController::reset()
 .text._ZN27DifferentialDriveController4initEv
                0x0000000008009c0c       0x2a User/Src/fb_control_motor.o
                0x0000000008009c0c                DifferentialDriveController::init()
 .text._ZN27DifferentialDriveController10reset_odomEv
                0x0000000008009c36       0x3c User/Src/fb_control_motor.o
                0x0000000008009c36                DifferentialDriveController::reset_odom()
 *fill*         0x0000000008009c72        0x2 
 .text._ZN27DifferentialDriveController11set_cmd_velEff
                0x0000000008009c74       0x94 User/Src/fb_control_motor.o
                0x0000000008009c74                DifferentialDriveController::set_cmd_vel(float, float)
 .text._ZN27DifferentialDriveController16control_periodicEv
                0x0000000008009d08       0x1c User/Src/fb_control_motor.o
                0x0000000008009d08                DifferentialDriveController::control_periodic()
 .text._ZN27DifferentialDriveController25fb_motor_control_periodicEv
                0x0000000008009d24       0x24 User/Src/fb_control_motor.o
                0x0000000008009d24                DifferentialDriveController::fb_motor_control_periodic()
 .text._ZN27DifferentialDriveController18odom_calc_periodicEv
                0x0000000008009d48      0x194 User/Src/fb_control_motor.o
                0x0000000008009d48                DifferentialDriveController::odom_calc_periodic()
 .text._ZN27DifferentialDriveController16get_wheel_anglesEPd
                0x0000000008009edc       0x46 User/Src/fb_control_motor.o
                0x0000000008009edc                DifferentialDriveController::get_wheel_angles(double*)
 *fill*         0x0000000008009f22        0x2 
 .text._ZN27DifferentialDriveController26get_wheel_angle_velocitiesEPd
                0x0000000008009f24       0x6c User/Src/fb_control_motor.o
                0x0000000008009f24                DifferentialDriveController::get_wheel_angle_velocities(double*)
 .text._Z41__static_initialization_and_destruction_0ii
                0x0000000008009f90       0x54 User/Src/fb_control_motor.o
 .text._GLOBAL__sub_I__ZN23FeedbackMotorControllerC2E12enm_motor_idta
                0x0000000008009fe4       0x10 User/Src/fb_control_motor.o
 .text.vApplicationStackOverflowHook
                0x0000000008009ff4        0xc User/Src/freertos.o
                0x0000000008009ff4                vApplicationStackOverflowHook
 .text.HAL_GetTick
                0x000000000800a000        0xe User/Src/freertos.o
                0x000000000800a000                HAL_GetTick
 *fill*         0x000000000800a00e        0x2 
 .text.MX_FREERTOS_Init
                0x000000000800a010       0x84 User/Src/freertos.o
                0x000000000800a010                MX_FREERTOS_Init
 .text._Z8DiagTaskPv
                0x000000000800a094       0x34 User/Src/freertos.o
                0x000000000800a094                DiagTask(void*)
 .text._Z18repeatDiagCallBackPv
                0x000000000800a0c8       0x24 User/Src/freertos.o
                0x000000000800a0c8                repeatDiagCallBack(void*)
 .text._Z41__static_initialization_and_destruction_0ii
                0x000000000800a0ec       0x2c User/Src/freertos.o
 .text._GLOBAL__sub_I_IMUTaskHandle
                0x000000000800a118       0x10 User/Src/freertos.o
 .text.main     0x000000000800a128       0x3a User/Src/main.o
                0x000000000800a128                main
 .text._Z18SystemClock_Configv
                0x000000000800a162       0x96 User/Src/main.o
                0x000000000800a162                SystemClock_Config()
 .text.HAL_TIM_PeriodElapsedCallback
                0x000000000800a1f8       0x24 User/Src/main.o
                0x000000000800a1f8                HAL_TIM_PeriodElapsedCallback
 .text.Error_Handler
                0x000000000800a21c        0xa User/Src/main.o
                0x000000000800a21c                Error_Handler
 .text._ZN3ros4TimeC2Ev
                0x000000000800a226       0x22 User/Src/rosserial.o
                0x000000000800a226                ros::Time::Time()
                0x000000000800a226                ros::Time::Time()
 .text._ZN3ros3MsgC2Ev
                0x000000000800a248       0x20 User/Src/rosserial.o
                0x000000000800a248                ros::Msg::Msg()
                0x000000000800a248                ros::Msg::Msg()
 .text._ZN8std_msgs4TimeC2Ev
                0x000000000800a268       0x30 User/Src/rosserial.o
                0x000000000800a268                std_msgs::Time::Time()
                0x000000000800a268                std_msgs::Time::Time()
 .text._ZNK8std_msgs4Time9serializeEPh
                0x000000000800a298       0xb0 User/Src/rosserial.o
                0x000000000800a298                std_msgs::Time::serialize(unsigned char*) const
 .text._ZN8std_msgs4Time11deserializeEPh
                0x000000000800a348       0xc8 User/Src/rosserial.o
                0x000000000800a348                std_msgs::Time::deserialize(unsigned char*)
 .text._ZN8std_msgs4Time7getTypeEv
                0x000000000800a410       0x1c User/Src/rosserial.o
                0x000000000800a410                std_msgs::Time::getType()
 .text._ZN8std_msgs4Time6getMD5Ev
                0x000000000800a42c       0x1c User/Src/rosserial.o
                0x000000000800a42c                std_msgs::Time::getMD5()
 .text._ZN14rosserial_msgs9TopicInfoC2Ev
                0x000000000800a448       0x48 User/Src/rosserial.o
                0x000000000800a448                rosserial_msgs::TopicInfo::TopicInfo()
                0x000000000800a448                rosserial_msgs::TopicInfo::TopicInfo()
 .text._ZNK14rosserial_msgs9TopicInfo9serializeEPh
                0x000000000800a490      0x136 User/Src/rosserial.o
                0x000000000800a490                rosserial_msgs::TopicInfo::serialize(unsigned char*) const
 .text._ZN14rosserial_msgs9TopicInfo11deserializeEPh
                0x000000000800a5c6      0x1d0 User/Src/rosserial.o
                0x000000000800a5c6                rosserial_msgs::TopicInfo::deserialize(unsigned char*)
 *fill*         0x000000000800a796        0x2 
 .text._ZN14rosserial_msgs9TopicInfo7getTypeEv
                0x000000000800a798       0x1c User/Src/rosserial.o
                0x000000000800a798                rosserial_msgs::TopicInfo::getType()
 .text._ZN14rosserial_msgs9TopicInfo6getMD5Ev
                0x000000000800a7b4       0x1c User/Src/rosserial.o
                0x000000000800a7b4                rosserial_msgs::TopicInfo::getMD5()
 .text._ZN14rosserial_msgs3LogC2Ev
                0x000000000800a7d0       0x34 User/Src/rosserial.o
                0x000000000800a7d0                rosserial_msgs::Log::Log()
                0x000000000800a7d0                rosserial_msgs::Log::Log()
 .text._ZNK14rosserial_msgs3Log9serializeEPh
                0x000000000800a804       0x64 User/Src/rosserial.o
                0x000000000800a804                rosserial_msgs::Log::serialize(unsigned char*) const
 .text._ZN14rosserial_msgs3Log11deserializeEPh
                0x000000000800a868       0x90 User/Src/rosserial.o
                0x000000000800a868                rosserial_msgs::Log::deserialize(unsigned char*)
 .text._ZN14rosserial_msgs3Log7getTypeEv
                0x000000000800a8f8       0x1c User/Src/rosserial.o
                0x000000000800a8f8                rosserial_msgs::Log::getType()
 .text._ZN14rosserial_msgs3Log6getMD5Ev
                0x000000000800a914       0x1c User/Src/rosserial.o
                0x000000000800a914                rosserial_msgs::Log::getMD5()
 .text._ZN14rosserial_msgs20RequestParamResponseC2Ev
                0x000000000800a930       0x48 User/Src/rosserial.o
                0x000000000800a930                rosserial_msgs::RequestParamResponse::RequestParamResponse()
                0x000000000800a930                rosserial_msgs::RequestParamResponse::RequestParamResponse()
 .text._ZNK14rosserial_msgs20RequestParamResponse9serializeEPh
                0x000000000800a978      0x222 User/Src/rosserial.o
                0x000000000800a978                rosserial_msgs::RequestParamResponse::serialize(unsigned char*) const
 .text._ZN14rosserial_msgs20RequestParamResponse11deserializeEPh
                0x000000000800ab9a      0x2e2 User/Src/rosserial.o
                0x000000000800ab9a                rosserial_msgs::RequestParamResponse::deserialize(unsigned char*)
 .text._ZN14rosserial_msgs20RequestParamResponse7getTypeEv
                0x000000000800ae7c       0x1c User/Src/rosserial.o
                0x000000000800ae7c                rosserial_msgs::RequestParamResponse::getType()
 .text._ZN14rosserial_msgs20RequestParamResponse6getMD5Ev
                0x000000000800ae98       0x1c User/Src/rosserial.o
                0x000000000800ae98                rosserial_msgs::RequestParamResponse::getMD5()
 .text._ZN3ros9PublisherC2EPKcPNS_3MsgEi
                0x000000000800aeb4       0x2e User/Src/rosserial.o
                0x000000000800aeb4                ros::Publisher::Publisher(char const*, ros::Msg*, int)
                0x000000000800aeb4                ros::Publisher::Publisher(char const*, ros::Msg*, int)
 .text._ZN3ros9Publisher7publishEPKNS_3MsgE
                0x000000000800aee2       0x28 User/Src/rosserial.o
                0x000000000800aee2                ros::Publisher::publish(ros::Msg const*)
 .text._ZN3ros9Publisher15getEndpointTypeEv
                0x000000000800af0a       0x18 User/Src/rosserial.o
                0x000000000800af0a                ros::Publisher::getEndpointType()
 .text._ZN13STM32Hardware10getRdmaIndEv
                0x000000000800af22       0x24 User/Src/rosserial.o
                0x000000000800af22                STM32Hardware::getRdmaInd()
 *fill*         0x000000000800af46        0x2 
 .text._ZN13STM32HardwareC2Ev
                0x000000000800af48       0x38 User/Src/rosserial.o
                0x000000000800af48                STM32Hardware::STM32Hardware()
                0x000000000800af48                STM32Hardware::STM32Hardware()
 .text._ZN13STM32Hardware4initEv
                0x000000000800af80       0x16 User/Src/rosserial.o
                0x000000000800af80                STM32Hardware::init()
 .text._ZN13STM32Hardware10reset_rbufEv
                0x000000000800af96       0x22 User/Src/rosserial.o
                0x000000000800af96                STM32Hardware::reset_rbuf()
 .text._ZN13STM32Hardware4readEv
                0x000000000800afb8       0x58 User/Src/rosserial.o
                0x000000000800afb8                STM32Hardware::read()
 .text._ZN13STM32Hardware5flushEv
                0x000000000800b010       0xb8 User/Src/rosserial.o
                0x000000000800b010                STM32Hardware::flush()
 .text._ZN13STM32Hardware5writeEPhi
                0x000000000800b0c8       0x8e User/Src/rosserial.o
                0x000000000800b0c8                STM32Hardware::write(unsigned char*, int)
 .text._ZN13STM32Hardware4timeEv
                0x000000000800b156       0x16 User/Src/rosserial.o
                0x000000000800b156                STM32Hardware::time()
 .text._ZN8std_msgs7Float32C2Ev
                0x000000000800b16c       0x2c User/Src/rosserial.o
                0x000000000800b16c                std_msgs::Float32::Float32()
                0x000000000800b16c                std_msgs::Float32::Float32()
 .text._ZNK8std_msgs7Float329serializeEPh
                0x000000000800b198       0x64 User/Src/rosserial.o
                0x000000000800b198                std_msgs::Float32::serialize(unsigned char*) const
 .text._ZN8std_msgs7Float3211deserializeEPh
                0x000000000800b1fc       0x70 User/Src/rosserial.o
                0x000000000800b1fc                std_msgs::Float32::deserialize(unsigned char*)
 .text._ZN8std_msgs7Float327getTypeEv
                0x000000000800b26c       0x1c User/Src/rosserial.o
                0x000000000800b26c                std_msgs::Float32::getType()
 .text._ZN8std_msgs7Float326getMD5Ev
                0x000000000800b288       0x1c User/Src/rosserial.o
                0x000000000800b288                std_msgs::Float32::getMD5()
 .text._ZN8std_msgs5EmptyC2Ev
                0x000000000800b2a4       0x24 User/Src/rosserial.o
                0x000000000800b2a4                std_msgs::Empty::Empty()
                0x000000000800b2a4                std_msgs::Empty::Empty()
 .text._ZNK8std_msgs5Empty9serializeEPh
                0x000000000800b2c8       0x1c User/Src/rosserial.o
                0x000000000800b2c8                std_msgs::Empty::serialize(unsigned char*) const
 .text._ZN8std_msgs5Empty11deserializeEPh
                0x000000000800b2e4       0x1c User/Src/rosserial.o
                0x000000000800b2e4                std_msgs::Empty::deserialize(unsigned char*)
 .text._ZN8std_msgs5Empty7getTypeEv
                0x000000000800b300       0x1c User/Src/rosserial.o
                0x000000000800b300                std_msgs::Empty::getType()
 .text._ZN8std_msgs5Empty6getMD5Ev
                0x000000000800b31c       0x1c User/Src/rosserial.o
                0x000000000800b31c                std_msgs::Empty::getMD5()
 .text._ZN8std_msgs6HeaderC2Ev
                0x000000000800b338       0x40 User/Src/rosserial.o
                0x000000000800b338                std_msgs::Header::Header()
                0x000000000800b338                std_msgs::Header::Header()
 .text._ZNK8std_msgs6Header9serializeEPh
                0x000000000800b378      0x130 User/Src/rosserial.o
                0x000000000800b378                std_msgs::Header::serialize(unsigned char*) const
 .text._ZN8std_msgs6Header11deserializeEPh
                0x000000000800b4a8      0x180 User/Src/rosserial.o
                0x000000000800b4a8                std_msgs::Header::deserialize(unsigned char*)
 .text._ZN8std_msgs6Header7getTypeEv
                0x000000000800b628       0x1c User/Src/rosserial.o
                0x000000000800b628                std_msgs::Header::getType()
 .text._ZN8std_msgs6Header6getMD5Ev
                0x000000000800b644       0x1c User/Src/rosserial.o
                0x000000000800b644                std_msgs::Header::getMD5()
 .text._ZN11sensor_msgs10JointStateC2Ev
                0x000000000800b660       0x60 User/Src/rosserial.o
                0x000000000800b660                sensor_msgs::JointState::JointState()
                0x000000000800b660                sensor_msgs::JointState::JointState()
 .text._ZNK11sensor_msgs10JointState9serializeEPh
                0x000000000800b6c0      0x4dc User/Src/rosserial.o
                0x000000000800b6c0                sensor_msgs::JointState::serialize(unsigned char*) const
 .text._ZN11sensor_msgs10JointState11deserializeEPh
                0x000000000800bb9c      0x9ea User/Src/rosserial.o
                0x000000000800bb9c                sensor_msgs::JointState::deserialize(unsigned char*)
 *fill*         0x000000000800c586        0x2 
 .text._ZN11sensor_msgs10JointState7getTypeEv
                0x000000000800c588       0x1c User/Src/rosserial.o
                0x000000000800c588                sensor_msgs::JointState::getType()
 .text._ZN11sensor_msgs10JointState6getMD5Ev
                0x000000000800c5a4       0x1c User/Src/rosserial.o
                0x000000000800c5a4                sensor_msgs::JointState::getMD5()
 .text._ZN13geometry_msgs6Pose2DC2Ev
                0x000000000800c5c0       0x50 User/Src/rosserial.o
                0x000000000800c5c0                geometry_msgs::Pose2D::Pose2D()
                0x000000000800c5c0                geometry_msgs::Pose2D::Pose2D()
 .text._ZNK13geometry_msgs6Pose2D9serializeEPh
                0x000000000800c610      0x2e6 User/Src/rosserial.o
                0x000000000800c610                geometry_msgs::Pose2D::serialize(unsigned char*) const
 .text._ZN13geometry_msgs6Pose2D11deserializeEPh
                0x000000000800c8f6      0x5ba User/Src/rosserial.o
                0x000000000800c8f6                geometry_msgs::Pose2D::deserialize(unsigned char*)
 .text._ZN13geometry_msgs6Pose2D7getTypeEv
                0x000000000800ceb0       0x1c User/Src/rosserial.o
                0x000000000800ceb0                geometry_msgs::Pose2D::getType()
 .text._ZN13geometry_msgs6Pose2D6getMD5Ev
                0x000000000800cecc       0x1c User/Src/rosserial.o
                0x000000000800cecc                geometry_msgs::Pose2D::getMD5()
 .text._ZN13geometry_msgs7Vector3C2Ev
                0x000000000800cee8       0x50 User/Src/rosserial.o
                0x000000000800cee8                geometry_msgs::Vector3::Vector3()
                0x000000000800cee8                geometry_msgs::Vector3::Vector3()
 .text._ZNK13geometry_msgs7Vector39serializeEPh
                0x000000000800cf38      0x2e6 User/Src/rosserial.o
                0x000000000800cf38                geometry_msgs::Vector3::serialize(unsigned char*) const
 .text._ZN13geometry_msgs7Vector311deserializeEPh
                0x000000000800d21e      0x5ba User/Src/rosserial.o
                0x000000000800d21e                geometry_msgs::Vector3::deserialize(unsigned char*)
 .text._ZN13geometry_msgs7Vector37getTypeEv
                0x000000000800d7d8       0x1c User/Src/rosserial.o
                0x000000000800d7d8                geometry_msgs::Vector3::getType()
 .text._ZN13geometry_msgs7Vector36getMD5Ev
                0x000000000800d7f4       0x1c User/Src/rosserial.o
                0x000000000800d7f4                geometry_msgs::Vector3::getMD5()
 .text._ZN13geometry_msgs5TwistC2Ev
                0x000000000800d810       0x38 User/Src/rosserial.o
                0x000000000800d810                geometry_msgs::Twist::Twist()
                0x000000000800d810                geometry_msgs::Twist::Twist()
 .text._ZNK13geometry_msgs5Twist9serializeEPh
                0x000000000800d848       0x4c User/Src/rosserial.o
                0x000000000800d848                geometry_msgs::Twist::serialize(unsigned char*) const
 .text._ZN13geometry_msgs5Twist11deserializeEPh
                0x000000000800d894       0x4c User/Src/rosserial.o
                0x000000000800d894                geometry_msgs::Twist::deserialize(unsigned char*)
 .text._ZN13geometry_msgs5Twist7getTypeEv
                0x000000000800d8e0       0x1c User/Src/rosserial.o
                0x000000000800d8e0                geometry_msgs::Twist::getType()
 .text._ZN13geometry_msgs5Twist6getMD5Ev
                0x000000000800d8fc       0x1c User/Src/rosserial.o
                0x000000000800d8fc                geometry_msgs::Twist::getMD5()
 .text._ZN13geometry_msgs12TwistStampedC2Ev
                0x000000000800d918       0x38 User/Src/rosserial.o
                0x000000000800d918                geometry_msgs::TwistStamped::TwistStamped()
                0x000000000800d918                geometry_msgs::TwistStamped::TwistStamped()
 .text._ZNK13geometry_msgs12TwistStamped9serializeEPh
                0x000000000800d950       0x4a User/Src/rosserial.o
                0x000000000800d950                geometry_msgs::TwistStamped::serialize(unsigned char*) const
 .text._ZN13geometry_msgs12TwistStamped11deserializeEPh
                0x000000000800d99a       0x4a User/Src/rosserial.o
                0x000000000800d99a                geometry_msgs::TwistStamped::deserialize(unsigned char*)
 .text._ZN13geometry_msgs12TwistStamped7getTypeEv
                0x000000000800d9e4       0x1c User/Src/rosserial.o
                0x000000000800d9e4                geometry_msgs::TwistStamped::getType()
 .text._ZN13geometry_msgs12TwistStamped6getMD5Ev
                0x000000000800da00       0x1c User/Src/rosserial.o
                0x000000000800da00                geometry_msgs::TwistStamped::getMD5()
 .text.HAL_UART_TxCpltCallback
                0x000000000800da1c       0x24 User/Src/rosserial.o
                0x000000000800da1c                HAL_UART_TxCpltCallback
 .text.HAL_UART_RxCpltCallback
                0x000000000800da40       0x24 User/Src/rosserial.o
                0x000000000800da40                HAL_UART_RxCpltCallback
 .text._Z23commandVelocityCallbackRKN13geometry_msgs5TwistE
                0x000000000800da64       0x54 User/Src/rosserial.o
                0x000000000800da64                commandVelocityCallback(geometry_msgs::Twist const&)
 .text._Z13resetCallbackRKN8std_msgs5EmptyE
                0x000000000800dab8       0x2c User/Src/rosserial.o
                0x000000000800dab8                resetCallback(std_msgs::Empty const&)
 .text.init_rosserial
                0x000000000800dae4       0x7c User/Src/rosserial.o
                0x000000000800dae4                init_rosserial
 .text._Z13RosSerialTaskPv
                0x000000000800db60       0xc8 User/Src/rosserial.o
                0x000000000800db60                RosSerialTask(void*)
 .text._Z11publishOdomv
                0x000000000800dc28       0xdc User/Src/rosserial.o
                0x000000000800dc28                publishOdom()
 .text._Z18publishJointStatesv
                0x000000000800dd04       0x6c User/Src/rosserial.o
                0x000000000800dd04                publishJointStates()
 .text._Z17publishBatteryMsgv
                0x000000000800dd70       0x24 User/Src/rosserial.o
                0x000000000800dd70                publishBatteryMsg()
 .text._Z15initJointStatesv
                0x000000000800dd94       0x40 User/Src/rosserial.o
                0x000000000800dd94                initJointStates()
 .text._Z23repeatRosserialCallBackPv
                0x000000000800ddd4       0x24 User/Src/rosserial.o
                0x000000000800ddd4                repeatRosserialCallBack(void*)
 .text._ZN3ros3Msg8varToArrIPhmEEvT_T0_
                0x000000000800ddf8       0x3c User/Src/rosserial.o
                0x000000000800ddf8                void ros::Msg::varToArr<unsigned char*, unsigned long>(unsigned char*, unsigned long)
 .text._ZN3ros3Msg8arrToVarImPhEEvRT_T0_
                0x000000000800de34       0x4a User/Src/rosserial.o
                0x000000000800de34                void ros::Msg::arrToVar<unsigned long, unsigned char*>(unsigned long&, unsigned char*)
 *fill*         0x000000000800de7e        0x2 
 .text._ZN3ros15NodeHandleBase_C2Ev
                0x000000000800de80       0x20 User/Src/rosserial.o
                0x000000000800de80                ros::NodeHandleBase_::NodeHandleBase_()
                0x000000000800de80                ros::NodeHandleBase_::NodeHandleBase_()
 .text._ZN3ros11NodeHandle_I13STM32HardwareLi2ELi8ELi256ELi1024EEC2Ev
                0x000000000800dea0      0x100 User/Src/rosserial.o
                0x000000000800dea0                ros::NodeHandle_<STM32Hardware, 2, 8, 256, 1024>::NodeHandle_()
                0x000000000800dea0                ros::NodeHandle_<STM32Hardware, 2, 8, 256, 1024>::NodeHandle_()
 .text._ZN3ros11Subscriber_C2Ev
                0x000000000800dfa0       0x20 User/Src/rosserial.o
                0x000000000800dfa0                ros::Subscriber_::Subscriber_()
                0x000000000800dfa0                ros::Subscriber_::Subscriber_()
 .text._ZN3ros10SubscriberIN13geometry_msgs5TwistEvEC2EPKcPFvRKS2_Ei
                0x000000000800dfc0       0x48 User/Src/rosserial.o
                0x000000000800dfc0                ros::Subscriber<geometry_msgs::Twist, void>::Subscriber(char const*, void (*)(geometry_msgs::Twist const&), int)
                0x000000000800dfc0                ros::Subscriber<geometry_msgs::Twist, void>::Subscriber(char const*, void (*)(geometry_msgs::Twist const&), int)
 .text._ZN3ros10SubscriberIN8std_msgs5EmptyEvEC2EPKcPFvRKS2_Ei
                0x000000000800e008       0x48 User/Src/rosserial.o
                0x000000000800e008                ros::Subscriber<std_msgs::Empty, void>::Subscriber(char const*, void (*)(std_msgs::Empty const&), int)
                0x000000000800e008                ros::Subscriber<std_msgs::Empty, void>::Subscriber(char const*, void (*)(std_msgs::Empty const&), int)
 .text._ZN3ros11NodeHandle_I13STM32HardwareLi2ELi8ELi256ELi1024EE11getHardwareEv
                0x000000000800e050       0x18 User/Src/rosserial.o
                0x000000000800e050                ros::NodeHandle_<STM32Hardware, 2, 8, 256, 1024>::getHardware()
 .text._ZN3ros11NodeHandle_I13STM32HardwareLi2ELi8ELi256ELi1024EE8initNodeEv
                0x000000000800e068       0x3a User/Src/rosserial.o
                0x000000000800e068                ros::NodeHandle_<STM32Hardware, 2, 8, 256, 1024>::initNode()
 .text._ZN3ros11NodeHandle_I13STM32HardwareLi2ELi8ELi256ELi1024EE9subscribeINS_10SubscriberIN13geometry_msgs5TwistEvEEEEbRT_
                0x000000000800e0a2       0x5a User/Src/rosserial.o
                0x000000000800e0a2                bool ros::NodeHandle_<STM32Hardware, 2, 8, 256, 1024>::subscribe<ros::Subscriber<geometry_msgs::Twist, void> >(ros::Subscriber<geometry_msgs::Twist, void>&)
 .text._ZN3ros11NodeHandle_I13STM32HardwareLi2ELi8ELi256ELi1024EE9subscribeINS_10SubscriberIN8std_msgs5EmptyEvEEEEbRT_
                0x000000000800e0fc       0x5a User/Src/rosserial.o
                0x000000000800e0fc                bool ros::NodeHandle_<STM32Hardware, 2, 8, 256, 1024>::subscribe<ros::Subscriber<std_msgs::Empty, void> >(ros::Subscriber<std_msgs::Empty, void>&)
 .text._ZN3ros11NodeHandle_I13STM32HardwareLi2ELi8ELi256ELi1024EE9advertiseERNS_9PublisherE
                0x000000000800e156       0x60 User/Src/rosserial.o
                0x000000000800e156                ros::NodeHandle_<STM32Hardware, 2, 8, 256, 1024>::advertise(ros::Publisher&)
 .text._ZN3ros11NodeHandle_I13STM32HardwareLi2ELi8ELi256ELi1024EE7loginfoEPKc
                0x000000000800e1b6       0x1c User/Src/rosserial.o
                0x000000000800e1b6                ros::NodeHandle_<STM32Hardware, 2, 8, 256, 1024>::loginfo(char const*)
 .text._ZN3ros11NodeHandle_I13STM32HardwareLi2ELi8ELi256ELi1024EE8spinOnceEv
                0x000000000800e1d2      0x3e6 User/Src/rosserial.o
                0x000000000800e1d2                ros::NodeHandle_<STM32Hardware, 2, 8, 256, 1024>::spinOnce()
 .text._ZN3ros11NodeHandle_I13STM32HardwareLi2ELi8ELi256ELi1024EE12get_ros_timeEm
                0x000000000800e5b8       0x6c User/Src/rosserial.o
                0x000000000800e5b8                ros::NodeHandle_<STM32Hardware, 2, 8, 256, 1024>::get_ros_time(unsigned long)
 .text._ZN3ros11NodeHandle_I13STM32HardwareLi2ELi8ELi256ELi1024EE3logEcPKc
                0x000000000800e624       0x38 User/Src/rosserial.o
                0x000000000800e624                ros::NodeHandle_<STM32Hardware, 2, 8, 256, 1024>::log(char, char const*)
 .text._ZN3ros11NodeHandle_I13STM32HardwareLi2ELi8ELi256ELi1024EE15requestSyncTimeEv
                0x000000000800e65c       0x3c User/Src/rosserial.o
                0x000000000800e65c                ros::NodeHandle_<STM32Hardware, 2, 8, 256, 1024>::requestSyncTime()
 .text._ZN3ros11NodeHandle_I13STM32HardwareLi2ELi8ELi256ELi1024EE15negotiateTopicsEv
                0x000000000800e698      0x1d0 User/Src/rosserial.o
                0x000000000800e698                ros::NodeHandle_<STM32Hardware, 2, 8, 256, 1024>::negotiateTopics()
 .text._ZN3ros11NodeHandle_I13STM32HardwareLi2ELi8ELi256ELi1024EE8syncTimeEPh
                0x000000000800e868       0x98 User/Src/rosserial.o
                0x000000000800e868                ros::NodeHandle_<STM32Hardware, 2, 8, 256, 1024>::syncTime(unsigned char*)
 .text._ZN3ros11NodeHandle_I13STM32HardwareLi2ELi8ELi256ELi1024EE7publishEiPKNS_3MsgE
                0x000000000800e900      0x124 User/Src/rosserial.o
                0x000000000800e900                ros::NodeHandle_<STM32Hardware, 2, 8, 256, 1024>::publish(int, ros::Msg const*)
 .text._ZN3ros11NodeHandle_I13STM32HardwareLi2ELi8ELi256ELi1024EE6setNowERNS_4TimeE
                0x000000000800ea24       0x80 User/Src/rosserial.o
                0x000000000800ea24                ros::NodeHandle_<STM32Hardware, 2, 8, 256, 1024>::setNow(ros::Time&)
 .text._ZN3ros11NodeHandle_I13STM32HardwareLi2ELi8ELi256ELi1024EE8logerrorEPKc
                0x000000000800eaa4       0x1c User/Src/rosserial.o
                0x000000000800eaa4                ros::NodeHandle_<STM32Hardware, 2, 8, 256, 1024>::logerror(char const*)
 .text._Z41__static_initialization_and_destruction_0ii
                0x000000000800eac0       0xd4 User/Src/rosserial.o
 .text._ZN3ros10SubscriberIN8std_msgs5EmptyEvE8callbackEPh
                0x000000000800eb94       0x2a User/Src/rosserial.o
                0x000000000800eb94                ros::Subscriber<std_msgs::Empty, void>::callback(unsigned char*)
 .text._ZN3ros10SubscriberIN8std_msgs5EmptyEvE15getEndpointTypeEv
                0x000000000800ebbe       0x18 User/Src/rosserial.o
                0x000000000800ebbe                ros::Subscriber<std_msgs::Empty, void>::getEndpointType()
 .text._ZN3ros10SubscriberIN8std_msgs5EmptyEvE10getMsgTypeEv
                0x000000000800ebd6       0x1c User/Src/rosserial.o
                0x000000000800ebd6                ros::Subscriber<std_msgs::Empty, void>::getMsgType()
 .text._ZN3ros10SubscriberIN8std_msgs5EmptyEvE9getMsgMD5Ev
                0x000000000800ebf2       0x1c User/Src/rosserial.o
                0x000000000800ebf2                ros::Subscriber<std_msgs::Empty, void>::getMsgMD5()
 .text._ZN3ros10SubscriberIN13geometry_msgs5TwistEvE8callbackEPh
                0x000000000800ec0e       0x2a User/Src/rosserial.o
                0x000000000800ec0e                ros::Subscriber<geometry_msgs::Twist, void>::callback(unsigned char*)
 .text._ZN3ros10SubscriberIN13geometry_msgs5TwistEvE15getEndpointTypeEv
                0x000000000800ec38       0x18 User/Src/rosserial.o
                0x000000000800ec38                ros::Subscriber<geometry_msgs::Twist, void>::getEndpointType()
 .text._ZN3ros10SubscriberIN13geometry_msgs5TwistEvE10getMsgTypeEv
                0x000000000800ec50       0x1c User/Src/rosserial.o
                0x000000000800ec50                ros::Subscriber<geometry_msgs::Twist, void>::getMsgType()
 .text._ZN3ros10SubscriberIN13geometry_msgs5TwistEvE9getMsgMD5Ev
                0x000000000800ec6c       0x1c User/Src/rosserial.o
                0x000000000800ec6c                ros::Subscriber<geometry_msgs::Twist, void>::getMsgMD5()
 .text._ZN3ros11NodeHandle_I13STM32HardwareLi2ELi8ELi256ELi1024EE9connectedEv
                0x000000000800ec88       0x1a User/Src/rosserial.o
                0x000000000800ec88                ros::NodeHandle_<STM32Hardware, 2, 8, 256, 1024>::connected()
 .text._GLOBAL__sub_I_nh
                0x000000000800eca2       0x10 User/Src/rosserial.o
 *fill*         0x000000000800ecb2        0x2 
 .text._ZN11simple_math3sinEf
                0x000000000800ecb4       0xb8 User/Src/simple_math.o
                0x000000000800ecb4                simple_math::sin(float)
 .text._ZN11simple_math3cosEf
                0x000000000800ed6c       0x30 User/Src/simple_math.o
                0x000000000800ed6c                simple_math::cos(float)
 .text.init_imu
                0x000000000800ed9c       0x38 User/Src/spi_imu.o
                0x000000000800ed9c                init_imu
 .text.readByte
                0x000000000800edd4       0x64 User/Src/spi_imu.o
                0x000000000800edd4                readByte
 .text.writeByte
                0x000000000800ee38       0x68 User/Src/spi_imu.o
                0x000000000800ee38                writeByte
 .text._Znwj    0x000000000800eea0       0x22 /opt/st/stm32cubeide_1.6.0/plugins/com.st.stm32cube.ide.mcu.externaltools.gnu-tools-for-stm32.9-2020-q2-update.linux64_1.5.0.202011040924/tools/bin/../lib/gcc/arm-none-eabi/9.3.1/../../../../arm-none-eabi/lib/thumb/v7e-m+fp/hard/libstdc++_nano.a(new_op.o)
                0x000000000800eea0                operator new(unsigned int)
 .text.__cxa_pure_virtual
                0x000000000800eec2        0x6 /opt/st/stm32cubeide_1.6.0/plugins/com.st.stm32cube.ide.mcu.externaltools.gnu-tools-for-stm32.9-2020-q2-update.linux64_1.5.0.202011040924/tools/bin/../lib/gcc/arm-none-eabi/9.3.1/../../../../arm-none-eabi/lib/thumb/v7e-m+fp/hard/libstdc++_nano.a(pure.o)
                0x000000000800eec2                __cxa_pure_virtual
 .text._ZN10__cxxabiv111__terminateEPFvvE
                0x000000000800eec8        0x8 /opt/st/stm32cubeide_1.6.0/plugins/com.st.stm32cube.ide.mcu.externaltools.gnu-tools-for-stm32.9-2020-q2-update.linux64_1.5.0.202011040924/tools/bin/../lib/gcc/arm-none-eabi/9.3.1/../../../../arm-none-eabi/lib/thumb/v7e-m+fp/hard/libstdc++_nano.a(eh_terminate.o)
                0x000000000800eec8                __cxxabiv1::__terminate(void (*)())
 .text._ZSt13get_terminatev
                0x000000000800eed0       0x10 /opt/st/stm32cubeide_1.6.0/plugins/com.st.stm32cube.ide.mcu.externaltools.gnu-tools-for-stm32.9-2020-q2-update.linux64_1.5.0.202011040924/tools/bin/../lib/gcc/arm-none-eabi/9.3.1/../../../../arm-none-eabi/lib/thumb/v7e-m+fp/hard/libstdc++_nano.a(eh_terminate.o)
                0x000000000800eed0                std::get_terminate()
 .text._ZSt9terminatev
                0x000000000800eee0        0xa /opt/st/stm32cubeide_1.6.0/plugins/com.st.stm32cube.ide.mcu.externaltools.gnu-tools-for-stm32.9-2020-q2-update.linux64_1.5.0.202011040924/tools/bin/../lib/gcc/arm-none-eabi/9.3.1/../../../../arm-none-eabi/lib/thumb/v7e-m+fp/hard/libstdc++_nano.a(eh_terminate.o)
                0x000000000800eee0                std::terminate()
 *fill*         0x000000000800eeea        0x2 
 .text._ZSt15get_new_handlerv
                0x000000000800eeec       0x10 /opt/st/stm32cubeide_1.6.0/plugins/com.st.stm32cube.ide.mcu.externaltools.gnu-tools-for-stm32.9-2020-q2-update.linux64_1.5.0.202011040924/tools/bin/../lib/gcc/arm-none-eabi/9.3.1/../../../../arm-none-eabi/lib/thumb/v7e-m+fp/hard/libstdc++_nano.a(new_handler.o)
                0x000000000800eeec                std::get_new_handler()
 .text.abort    0x000000000800eefc        0xe /opt/st/stm32cubeide_1.6.0/plugins/com.st.stm32cube.ide.mcu.externaltools.gnu-tools-for-stm32.9-2020-q2-update.linux64_1.5.0.202011040924/tools/bin/../lib/gcc/arm-none-eabi/9.3.1/../../../../arm-none-eabi/lib/thumb/v7e-m+fp/hard/libc_nano.a(lib_a-abort.o)
                0x000000000800eefc                abort
 *fill*         0x000000000800ef0a        0x2 
 .text.__errno  0x000000000800ef0c        0xc /opt/st/stm32cubeide_1.6.0/plugins/com.st.stm32cube.ide.mcu.externaltools.gnu-tools-for-stm32.9-2020-q2-update.linux64_1.5.0.202011040924/tools/bin/../lib/gcc/arm-none-eabi/9.3.1/../../../../arm-none-eabi/lib/thumb/v7e-m+fp/hard/libc_nano.a(lib_a-errno.o)
                0x000000000800ef0c                __errno
 .text.__libc_init_array
                0x000000000800ef18       0x48 /opt/st/stm32cubeide_1.6.0/plugins/com.st.stm32cube.ide.mcu.externaltools.gnu-tools-for-stm32.9-2020-q2-update.linux64_1.5.0.202011040924/tools/bin/../lib/gcc/arm-none-eabi/9.3.1/../../../../arm-none-eabi/lib/thumb/v7e-m+fp/hard/libc_nano.a(lib_a-init.o)
                0x000000000800ef18                __libc_init_array
 .text.malloc   0x000000000800ef60       0x10 /opt/st/stm32cubeide_1.6.0/plugins/com.st.stm32cube.ide.mcu.externaltools.gnu-tools-for-stm32.9-2020-q2-update.linux64_1.5.0.202011040924/tools/bin/../lib/gcc/arm-none-eabi/9.3.1/../../../../arm-none-eabi/lib/thumb/v7e-m+fp/hard/libc_nano.a(lib_a-malloc.o)
                0x000000000800ef60                malloc
 .text.memcpy   0x000000000800ef70       0x1c /opt/st/stm32cubeide_1.6.0/plugins/com.st.stm32cube.ide.mcu.externaltools.gnu-tools-for-stm32.9-2020-q2-update.linux64_1.5.0.202011040924/tools/bin/../lib/gcc/arm-none-eabi/9.3.1/../../../../arm-none-eabi/lib/thumb/v7e-m+fp/hard/libc_nano.a(lib_a-memcpy-stub.o)
                0x000000000800ef70                memcpy
 .text.memset   0x000000000800ef8c       0x10 /opt/st/stm32cubeide_1.6.0/plugins/com.st.stm32cube.ide.mcu.externaltools.gnu-tools-for-stm32.9-2020-q2-update.linux64_1.5.0.202011040924/tools/bin/../lib/gcc/arm-none-eabi/9.3.1/../../../../arm-none-eabi/lib/thumb/v7e-m+fp/hard/libc_nano.a(lib_a-memset.o)
                0x000000000800ef8c                memset
 .text._free_r  0x000000000800ef9c       0xa0 /opt/st/stm32cubeide_1.6.0/plugins/com.st.stm32cube.ide.mcu.externaltools.gnu-tools-for-stm32.9-2020-q2-update.linux64_1.5.0.202011040924/tools/bin/../lib/gcc/arm-none-eabi/9.3.1/../../../../arm-none-eabi/lib/thumb/v7e-m+fp/hard/libc_nano.a(lib_a-nano-freer.o)
                0x000000000800ef9c                _free_r
 .text._malloc_r
                0x000000000800f03c       0xb4 /opt/st/stm32cubeide_1.6.0/plugins/com.st.stm32cube.ide.mcu.externaltools.gnu-tools-for-stm32.9-2020-q2-update.linux64_1.5.0.202011040924/tools/bin/../lib/gcc/arm-none-eabi/9.3.1/../../../../arm-none-eabi/lib/thumb/v7e-m+fp/hard/libc_nano.a(lib_a-nano-mallocr.o)
                0x000000000800f03c                _malloc_r
 .text.realloc  0x000000000800f0f0       0x10 /opt/st/stm32cubeide_1.6.0/plugins/com.st.stm32cube.ide.mcu.externaltools.gnu-tools-for-stm32.9-2020-q2-update.linux64_1.5.0.202011040924/tools/bin/../lib/gcc/arm-none-eabi/9.3.1/../../../../arm-none-eabi/lib/thumb/v7e-m+fp/hard/libc_nano.a(lib_a-realloc.o)
                0x000000000800f0f0                realloc
 .text._sbrk_r  0x000000000800f100       0x20 /opt/st/stm32cubeide_1.6.0/plugins/com.st.stm32cube.ide.mcu.externaltools.gnu-tools-for-stm32.9-2020-q2-update.linux64_1.5.0.202011040924/tools/bin/../lib/gcc/arm-none-eabi/9.3.1/../../../../arm-none-eabi/lib/thumb/v7e-m+fp/hard/libc_nano.a(lib_a-sbrkr.o)
                0x000000000800f100                _sbrk_r
 .text._raise_r
                0x000000000800f120       0x50 /opt/st/stm32cubeide_1.6.0/plugins/com.st.stm32cube.ide.mcu.externaltools.gnu-tools-for-stm32.9-2020-q2-update.linux64_1.5.0.202011040924/tools/bin/../lib/gcc/arm-none-eabi/9.3.1/../../../../arm-none-eabi/lib/thumb/v7e-m+fp/hard/libc_nano.a(lib_a-signal.o)
                0x000000000800f120                _raise_r
 .text.raise    0x000000000800f170       0x10 /opt/st/stm32cubeide_1.6.0/plugins/com.st.stm32cube.ide.mcu.externaltools.gnu-tools-for-stm32.9-2020-q2-update.linux64_1.5.0.202011040924/tools/bin/../lib/gcc/arm-none-eabi/9.3.1/../../../../arm-none-eabi/lib/thumb/v7e-m+fp/hard/libc_nano.a(lib_a-signal.o)
                0x000000000800f170                raise
 .text._kill_r  0x000000000800f180       0x24 /opt/st/stm32cubeide_1.6.0/plugins/com.st.stm32cube.ide.mcu.externaltools.gnu-tools-for-stm32.9-2020-q2-update.linux64_1.5.0.202011040924/tools/bin/../lib/gcc/arm-none-eabi/9.3.1/../../../../arm-none-eabi/lib/thumb/v7e-m+fp/hard/libc_nano.a(lib_a-signalr.o)
                0x000000000800f180                _kill_r
 .text._getpid_r
                0x000000000800f1a4        0x4 /opt/st/stm32cubeide_1.6.0/plugins/com.st.stm32cube.ide.mcu.externaltools.gnu-tools-for-stm32.9-2020-q2-update.linux64_1.5.0.202011040924/tools/bin/../lib/gcc/arm-none-eabi/9.3.1/../../../../arm-none-eabi/lib/thumb/v7e-m+fp/hard/libc_nano.a(lib_a-signalr.o)
                0x000000000800f1a4                _getpid_r
 .text.__malloc_lock
                0x000000000800f1a8        0xc /opt/st/stm32cubeide_1.6.0/plugins/com.st.stm32cube.ide.mcu.externaltools.gnu-tools-for-stm32.9-2020-q2-update.linux64_1.5.0.202011040924/tools/bin/../lib/gcc/arm-none-eabi/9.3.1/../../../../arm-none-eabi/lib/thumb/v7e-m+fp/hard/libc_nano.a(lib_a-mlock.o)
                0x000000000800f1a8                __malloc_lock
 .text.__malloc_unlock
                0x000000000800f1b4        0xc /opt/st/stm32cubeide_1.6.0/plugins/com.st.stm32cube.ide.mcu.externaltools.gnu-tools-for-stm32.9-2020-q2-update.linux64_1.5.0.202011040924/tools/bin/../lib/gcc/arm-none-eabi/9.3.1/../../../../arm-none-eabi/lib/thumb/v7e-m+fp/hard/libc_nano.a(lib_a-mlock.o)
                0x000000000800f1b4                __malloc_unlock
 .text._realloc_r
                0x000000000800f1c0       0x4c /opt/st/stm32cubeide_1.6.0/plugins/com.st.stm32cube.ide.mcu.externaltools.gnu-tools-for-stm32.9-2020-q2-update.linux64_1.5.0.202011040924/tools/bin/../lib/gcc/arm-none-eabi/9.3.1/../../../../arm-none-eabi/lib/thumb/v7e-m+fp/hard/libc_nano.a(lib_a-nano-reallocr.o)
                0x000000000800f1c0                _realloc_r
 .text.__retarget_lock_acquire_recursive
                0x000000000800f20c        0x2 /opt/st/stm32cubeide_1.6.0/plugins/com.st.stm32cube.ide.mcu.externaltools.gnu-tools-for-stm32.9-2020-q2-update.linux64_1.5.0.202011040924/tools/bin/../lib/gcc/arm-none-eabi/9.3.1/../../../../arm-none-eabi/lib/thumb/v7e-m+fp/hard/libc_nano.a(lib_a-lock.o)
                0x000000000800f20c                __retarget_lock_acquire_recursive
 .text.__retarget_lock_release_recursive