freertos.cpp:63:6:void vApplicationStackOverflowHook(TaskHandle_t, char*)	16	static
freertos.cpp:71:10:uint32_t HAL_GetTick()	8	static
freertos.cpp:84:6:void MX_FREERTOS_Init()	24	static
freertos.cpp:118:6:void DiagTask(void*)	16	static
freertos.cpp:175:6:void SPITask(void*)	16	static
freertos.cpp:193:6:void repeatIMUCallBack(TimerHandle_t)	16	static
freertos.cpp:198:6:void repeatDiagCallBack(TimerHandle_t)	16	static
freertos.cpp:201:1:void __static_initialization_and_destruction_0(int, int)	16	static
freertos.cpp:201:1:cpp)	8	static
