time.h:51:3:ros::Time::Time()	16	static
msg.h:45:7:constexpr ros::Msg::Msg()	16	static
Time.h:19:5:std_msgs::Time::Time()	16	static
Time.h:24:17:virtual int std_msgs::Time::serialize(unsigned char*) const	24	static
Time.h:40:17:virtual int std_msgs::Time::deserialize(unsigned char*)	24	static
Time.h:56:18:virtual const char* std_msgs::Time::getType()	16	static
Time.h:57:18:virtual const char* std_msgs::Time::getMD5()	16	static
TopicInfo.h:34:5:rosserial_msgs::TopicInfo::TopicInfo()	16	static
TopicInfo.h:43:17:virtual int rosserial_msgs::TopicInfo::serialize(unsigned char*) const	40	static
TopicInfo.h:77:17:virtual int rosserial_msgs::TopicInfo::deserialize(unsigned char*)	48	static
TopicInfo.h:124:18:virtual const char* rosserial_msgs::TopicInfo::getType()	16	static
TopicInfo.h:125:18:virtual const char* rosserial_msgs::TopicInfo::getMD5()	16	static
Log.h:25:5:rosserial_msgs::Log::Log()	16	static
Log.h:31:17:virtual int rosserial_msgs::Log::serialize(unsigned char*) const	24	static
Log.h:44:17:virtual int rosserial_msgs::Log::deserialize(unsigned char*)	32	static
Log.h:61:18:virtual const char* rosserial_msgs::Log::getType()	16	static
Log.h:62:18:virtual const char* rosserial_msgs::Log::getMD5()	16	static
RequestParam.h:71:5:rosserial_msgs::RequestParamResponse::RequestParamResponse()	16	static
RequestParam.h:78:17:virtual int rosserial_msgs::RequestParamResponse::serialize(unsigned char*) const	48	static
RequestParam.h:130:17:virtual int rosserial_msgs::RequestParamResponse::deserialize(unsigned char*)	64	static
RequestParam.h:200:18:virtual const char* rosserial_msgs::RequestParamResponse::getType()	16	static
RequestParam.h:201:18:virtual const char* rosserial_msgs::RequestParamResponse::getMD5()	16	static
publisher.h:48:3:ros::Publisher::Publisher(const char*, ros::Msg*, int)	24	static
publisher.h:53:7:int ros::Publisher::publish(const ros::Msg*)	16	static
publisher.h:57:7:int ros::Publisher::getEndpointType()	16	static
STM32Hardware.h:67:21:uint32_t STM32Hardware::getRdmaInd()	16	static
STM32Hardware.h:74:5:STM32Hardware::STM32Hardware()	16	static
STM32Hardware.h:82:10:void STM32Hardware::init()	16	static
STM32Hardware.h:92:10:void STM32Hardware::reset_rbuf()	16	static
STM32Hardware.h:96:9:int STM32Hardware::read()	32	static
STM32Hardware.h:105:10:void STM32Hardware::flush()	24	static
STM32Hardware.h:120:10:void STM32Hardware::write(uint8_t*, int)	32	static
STM32Hardware.h:135:19:long unsigned int STM32Hardware::time()	16	static
Float32.h:18:5:std_msgs::Float32::Float32()	16	static
Float32.h:23:17:virtual int std_msgs::Float32::serialize(unsigned char*) const	24	static
Float32.h:39:17:virtual int std_msgs::Float32::deserialize(unsigned char*)	24	static
Float32.h:56:18:virtual const char* std_msgs::Float32::getType()	16	static
Float32.h:57:18:virtual const char* std_msgs::Float32::getMD5()	16	static
Empty.h:16:5:std_msgs::Empty::Empty()	16	static
Empty.h:20:17:virtual int std_msgs::Empty::serialize(unsigned char*) const	24	static
Empty.h:26:17:virtual int std_msgs::Empty::deserialize(unsigned char*)	24	static
Empty.h:32:18:virtual const char* std_msgs::Empty::getType()	16	static
Empty.h:33:18:virtual const char* std_msgs::Empty::getMD5()	16	static
Header.h:23:5:std_msgs::Header::Header()	16	static
Header.h:30:17:virtual int std_msgs::Header::serialize(unsigned char*) const	24	static
Header.h:56:17:virtual int std_msgs::Header::deserialize(unsigned char*)	32	static
Header.h:86:18:virtual const char* std_msgs::Header::getType()	16	static
Header.h:87:18:virtual const char* std_msgs::Header::getMD5()	16	static
JointState.h:35:5:sensor_msgs::JointState::JointState()	16	static
JointState.h:44:17:virtual int sensor_msgs::JointState::serialize(unsigned char*) const	64	static
JointState.h:126:17:virtual int sensor_msgs::JointState::deserialize(unsigned char*)	312	static
JointState.h:231:18:virtual const char* sensor_msgs::JointState::getType()	16	static
JointState.h:232:18:virtual const char* sensor_msgs::JointState::getMD5()	16	static
Pose2D.h:22:5:geometry_msgs::Pose2D::Pose2D()	16	static
Pose2D.h:29:17:virtual int geometry_msgs::Pose2D::serialize(unsigned char*) const	48	static
Pose2D.h:77:17:virtual int geometry_msgs::Pose2D::deserialize(unsigned char*)	264	static
Pose2D.h:128:18:virtual const char* geometry_msgs::Pose2D::getType()	16	static
Pose2D.h:129:18:virtual const char* geometry_msgs::Pose2D::getMD5()	16	static
Vector3.h:22:5:geometry_msgs::Vector3::Vector3()	16	static
Vector3.h:29:17:virtual int geometry_msgs::Vector3::serialize(unsigned char*) const	48	static
Vector3.h:77:17:virtual int geometry_msgs::Vector3::deserialize(unsigned char*)	264	static
Vector3.h:128:18:virtual const char* geometry_msgs::Vector3::getType()	16	static
Vector3.h:129:18:virtual const char* geometry_msgs::Vector3::getMD5()	16	static
Twist.h:21:5:geometry_msgs::Twist::Twist()	16	static
Twist.h:27:17:virtual int geometry_msgs::Twist::serialize(unsigned char*) const	24	static
Twist.h:35:17:virtual int geometry_msgs::Twist::deserialize(unsigned char*)	24	static
Twist.h:43:18:virtual const char* geometry_msgs::Twist::getType()	16	static
Twist.h:44:18:virtual const char* geometry_msgs::Twist::getMD5()	16	static
TwistStamped.h:22:5:geometry_msgs::TwistStamped::TwistStamped()	16	static
TwistStamped.h:28:17:virtual int geometry_msgs::TwistStamped::serialize(unsigned char*) const	24	static
TwistStamped.h:36:17:virtual int geometry_msgs::TwistStamped::deserialize(unsigned char*)	24	static
TwistStamped.h:44:18:virtual const char* geometry_msgs::TwistStamped::getType()	16	static
TwistStamped.h:45:18:virtual const char* geometry_msgs::TwistStamped::getMD5()	16	static
rosserial.cpp:72:6:void HAL_UART_TxCpltCallback(UART_HandleTypeDef*)	16	static
rosserial.cpp:81:6:void HAL_UART_RxCpltCallback(UART_HandleTypeDef*)	16	static
rosserial.cpp:90:6:void commandVelocityCallback(const geometry_msgs::Twist&)	24	static
rosserial.cpp:101:6:void resetCallback(const std_msgs::Empty&)	16	static
rosserial.cpp:109:6:void init_rosserial()	24	static
rosserial.cpp:131:6:void RosSerialTask(void*)	16	static
rosserial.cpp:174:6:void publishOdom()	24	static
rosserial.cpp:189:6:void publishJointStates()	24	static
rosserial.cpp:201:6:void publishBatteryMsg()	8	static
rosserial.cpp:217:6:void initJointStates()	4	static
rosserial.cpp:229:6:void repeatRosserialCallBack(TimerHandle_t)	16	static
msg.h:129:15:static void ros::Msg::varToArr(A, V) [with A = unsigned char*; V = long unsigned int]	24	static
msg.h:137:15:static void ros::Msg::arrToVar(V&, A) [with V = long unsigned int; A = unsigned char*]	24	static
node_handle.h:50:7:constexpr ros::NodeHandleBase_::NodeHandleBase_()	16	static
node_handle.h:129:3:ros::NodeHandle_<Hardware, MAX_SUBSCRIBERS, MAX_PUBLISHERS, INPUT_SIZE, OUTPUT_SIZE>::NodeHandle_() [with Hardware = STM32Hardware; int MAX_SUBSCRIBERS = 2; int MAX_PUBLISHERS = 8; int INPUT_SIZE = 256; int OUTPUT_SIZE = 1024]	32	static
subscriber.h:44:7:ros::Subscriber_::Subscriber_()	16	static
subscriber.h:107:3:ros::Subscriber<MsgT, void>::Subscriber(const char*, ros::Subscriber<MsgT, void>::CallbackT, int) [with MsgT = geometry_msgs::Twist]	24	static
subscriber.h:107:3:ros::Subscriber<MsgT, void>::Subscriber(const char*, ros::Subscriber<MsgT, void>::CallbackT, int) [with MsgT = std_msgs::Empty]	24	static
node_handle.h:154:13:Hardware* ros::NodeHandle_<Hardware, MAX_SUBSCRIBERS, MAX_PUBLISHERS, INPUT_SIZE, OUTPUT_SIZE>::getHardware() [with Hardware = STM32Hardware; int MAX_SUBSCRIBERS = 2; int MAX_PUBLISHERS = 8; int INPUT_SIZE = 256; int OUTPUT_SIZE = 1024]	16	static
node_handle.h:160:8:void ros::NodeHandle_<Hardware, MAX_SUBSCRIBERS, MAX_PUBLISHERS, INPUT_SIZE, OUTPUT_SIZE>::initNode() [with Hardware = STM32Hardware; int MAX_SUBSCRIBERS = 2; int MAX_PUBLISHERS = 8; int INPUT_SIZE = 256; int OUTPUT_SIZE = 1024]	16	static
node_handle.h:443:8:bool ros::NodeHandle_<Hardware, MAX_SUBSCRIBERS, MAX_PUBLISHERS, INPUT_SIZE, OUTPUT_SIZE>::subscribe(SubscriberT&) [with SubscriberT = ros::Subscriber<geometry_msgs::Twist>; Hardware = STM32Hardware; int MAX_SUBSCRIBERS = 2; int MAX_PUBLISHERS = 8; int INPUT_SIZE = 256; int OUTPUT_SIZE = 1024]	24	static
node_handle.h:443:8:bool ros::NodeHandle_<Hardware, MAX_SUBSCRIBERS, MAX_PUBLISHERS, INPUT_SIZE, OUTPUT_SIZE>::subscribe(SubscriberT&) [with SubscriberT = ros::Subscriber<std_msgs::Empty>; Hardware = STM32Hardware; int MAX_SUBSCRIBERS = 2; int MAX_PUBLISHERS = 8; int INPUT_SIZE = 256; int OUTPUT_SIZE = 1024]	24	static
node_handle.h:426:8:bool ros::NodeHandle_<Hardware, MAX_SUBSCRIBERS, MAX_PUBLISHERS, INPUT_SIZE, OUTPUT_SIZE>::advertise(ros::Publisher&) [with Hardware = STM32Hardware; int MAX_SUBSCRIBERS = 2; int MAX_PUBLISHERS = 8; int INPUT_SIZE = 256; int OUTPUT_SIZE = 1024]	24	static
node_handle.h:576:8:void ros::NodeHandle_<Hardware, MAX_SUBSCRIBERS, MAX_PUBLISHERS, INPUT_SIZE, OUTPUT_SIZE>::loginfo(const char*) [with Hardware = STM32Hardware; int MAX_SUBSCRIBERS = 2; int MAX_PUBLISHERS = 8; int INPUT_SIZE = 256; int OUTPUT_SIZE = 1024]	16	static
node_handle.h:213:15:int ros::NodeHandle_<Hardware, MAX_SUBSCRIBERS, MAX_PUBLISHERS, INPUT_SIZE, OUTPUT_SIZE>::spinOnce() [with Hardware = STM32Hardware; int MAX_SUBSCRIBERS = 2; int MAX_PUBLISHERS = 8; int INPUT_SIZE = 256; int OUTPUT_SIZE = 1024]	24	static
node_handle.h:403:8:ros::Time ros::NodeHandle_<Hardware, MAX_SUBSCRIBERS, MAX_PUBLISHERS, INPUT_SIZE, OUTPUT_SIZE>::get_ros_time(uint32_t) [with Hardware = STM32Hardware; int MAX_SUBSCRIBERS = 2; int MAX_PUBLISHERS = 8; int INPUT_SIZE = 256; int OUTPUT_SIZE = 1024]	24	static
node_handle.h:563:8:void ros::NodeHandle_<Hardware, MAX_SUBSCRIBERS, MAX_PUBLISHERS, INPUT_SIZE, OUTPUT_SIZE>::log(char, const char*) [with Hardware = STM32Hardware; int MAX_SUBSCRIBERS = 2; int MAX_PUBLISHERS = 8; int INPUT_SIZE = 256; int OUTPUT_SIZE = 1024]	40	static
node_handle.h:373:8:void ros::NodeHandle_<Hardware, MAX_SUBSCRIBERS, MAX_PUBLISHERS, INPUT_SIZE, OUTPUT_SIZE>::requestSyncTime() [with Hardware = STM32Hardware; int MAX_SUBSCRIBERS = 2; int MAX_PUBLISHERS = 8; int INPUT_SIZE = 256; int OUTPUT_SIZE = 1024]	32	static
node_handle.h:491:8:void ros::NodeHandle_<Hardware, MAX_SUBSCRIBERS, MAX_PUBLISHERS, INPUT_SIZE, OUTPUT_SIZE>::negotiateTopics() [with Hardware = STM32Hardware; int MAX_SUBSCRIBERS = 2; int MAX_PUBLISHERS = 8; int INPUT_SIZE = 256; int OUTPUT_SIZE = 1024]	56	static
node_handle.h:380:8:void ros::NodeHandle_<Hardware, MAX_SUBSCRIBERS, MAX_PUBLISHERS, INPUT_SIZE, OUTPUT_SIZE>::syncTime(uint8_t*) [with Hardware = STM32Hardware; int MAX_SUBSCRIBERS = 2; int MAX_PUBLISHERS = 8; int INPUT_SIZE = 256; int OUTPUT_SIZE = 1024]	32	static
node_handle.h:522:15:int ros::NodeHandle_<Hardware, MAX_SUBSCRIBERS, MAX_PUBLISHERS, INPUT_SIZE, OUTPUT_SIZE>::publish(int, const ros::Msg*) [with Hardware = STM32Hardware; int MAX_SUBSCRIBERS = 2; int MAX_PUBLISHERS = 8; int INPUT_SIZE = 256; int OUTPUT_SIZE = 1024]	40	static
node_handle.h:413:8:void ros::NodeHandle_<Hardware, MAX_SUBSCRIBERS, MAX_PUBLISHERS, INPUT_SIZE, OUTPUT_SIZE>::setNow(ros::Time&) [with Hardware = STM32Hardware; int MAX_SUBSCRIBERS = 2; int MAX_PUBLISHERS = 8; int INPUT_SIZE = 256; int OUTPUT_SIZE = 1024]	24	static
node_handle.h:584:8:void ros::NodeHandle_<Hardware, MAX_SUBSCRIBERS, MAX_PUBLISHERS, INPUT_SIZE, OUTPUT_SIZE>::logerror(const char*) [with Hardware = STM32Hardware; int MAX_SUBSCRIBERS = 2; int MAX_PUBLISHERS = 8; int INPUT_SIZE = 256; int OUTPUT_SIZE = 1024]	16	static
rosserial.cpp:232:1:void __static_initialization_and_destruction_0(int, int)	16	static
subscriber.h:114:16:void ros::Subscriber<MsgT, void>::callback(unsigned char*) [with MsgT = std_msgs::Empty]	16	static
subscriber.h:128:15:int ros::Subscriber<MsgT, void>::getEndpointType() [with MsgT = std_msgs::Empty]	16	static
subscriber.h:120:24:const char* ros::Subscriber<MsgT, void>::getMsgType() [with MsgT = std_msgs::Empty]	16	static
subscriber.h:124:24:const char* ros::Subscriber<MsgT, void>::getMsgMD5() [with MsgT = std_msgs::Empty]	16	static
subscriber.h:114:16:void ros::Subscriber<MsgT, void>::callback(unsigned char*) [with MsgT = geometry_msgs::Twist]	16	static
subscriber.h:128:15:int ros::Subscriber<MsgT, void>::getEndpointType() [with MsgT = geometry_msgs::Twist]	16	static
subscriber.h:120:24:const char* ros::Subscriber<MsgT, void>::getMsgType() [with MsgT = geometry_msgs::Twist]	16	static
subscriber.h:124:24:const char* ros::Subscriber<MsgT, void>::getMsgMD5() [with MsgT = geometry_msgs::Twist]	16	static
node_handle.h:364:16:bool ros::NodeHandle_<Hardware, MAX_SUBSCRIBERS, MAX_PUBLISHERS, INPUT_SIZE, OUTPUT_SIZE>::connected() [with Hardware = STM32Hardware; int MAX_SUBSCRIBERS = 2; int MAX_PUBLISHERS = 8; int INPUT_SIZE = 256; int OUTPUT_SIZE = 1024]	16	static
rosserial.cpp:232:1:cpp)	8	static
