stm32f3xx_it.c:76:6:NMI_Handler	4	static
stm32f3xx_it.c:91:6:HardFault_Handler	4	static
stm32f3xx_it.c:106:6:MemManage_Handler	4	static
stm32f3xx_it.c:121:6:BusFault_Handler	4	static
stm32f3xx_it.c:136:6:UsageFault_Handler	4	static
stm32f3xx_it.c:151:6:DebugMon_Handler	4	static
stm32f3xx_it.c:171:6:DMA1_Channel4_IRQHandler	8	static
stm32f3xx_it.c:185:6:DMA1_Channel5_IRQHandler	8	static
stm32f3xx_it.c:199:6:TIM1_BRK_TIM15_IRQHandler	8	static
stm32f3xx_it.c:214:6:TIM1_TRG_COM_TIM17_IRQHandler	8	static
stm32f3xx_it.c:228:6:SPI1_IRQHandler	8	static
stm32f3xx_it.c:242:6:USART1_IRQHandler	8	static
